This is pdfTeX, Version 3.141592653-2.6-1.40.27 (TeX Live 2025) (preloaded format=pdflatex 2025.5.6)  20 MAY 2025 22:26
entering extended mode
 restricted \write18 enabled.
 %&-line parsing enabled.
**\input ./Rd2.tex \input ./Rd2.tex \input ./Rd2.tex
(./Rd2.tex
(/Users/mitraghotbi/Library/TinyTeX/texmf-dist/tex/latex/base/book.cls
Document Class: book 2024/06/29 v1.4n Standard LaTeX document class
(/Users/mitraghotbi/Library/TinyTeX/texmf-dist/tex/latex/base/bk10.clo
File: bk10.clo 2024/06/29 v1.4n Standard LaTeX file (size option)
)
\c@part=\count272
\c@chapter=\count273
\c@section=\count274
\c@subsection=\count275
\c@subsubsection=\count276
\c@paragraph=\count277
\c@subparagraph=\count278
\c@figure=\count279
\c@table=\count280
\abovecaptionskip=\skip49
\belowcaptionskip=\skip50
\bibindent=\dimen146
) (/Library/Frameworks/R.framework/Resources/share/texmf/tex/latex/Rd.sty
Package: Rd 
 (/Users/mitraghotbi/Library/TinyTeX/texmf-dist/tex/latex/base/ifthen.sty
Package: ifthen 2024/03/16 v1.1e Standard LaTeX ifthen package (DPC)
) (/Users/mitraghotbi/Library/TinyTeX/texmf-dist/tex/generic/iftex/iftex.sty
Package: iftex 2024/12/12 v1.0g TeX engine tests
) (/Users/mitraghotbi/Library/TinyTeX/texmf-dist/tex/latex/tools/longtable.sty
Package: longtable 2024-10-27 v4.22 Multi-page Table package (DPC)
\LTleft=\skip51
\LTright=\skip52
\LTpre=\skip53
\LTpost=\skip54
\LTchunksize=\count281
\LTcapwidth=\dimen147
\LT@head=\box53
\LT@firsthead=\box54
\LT@foot=\box55
\LT@lastfoot=\box56
\LT@gbox=\box57
\LT@cols=\count282
\LT@rows=\count283
\c@LT@tables=\count284
\c@LT@chunks=\count285
\LT@p@ftn=\toks17
) (/Users/mitraghotbi/Library/TinyTeX/texmf-dist/tex/latex/tools/bm.sty
Package: bm 2023/12/19 v1.2f Bold Symbol Support (DPC/FMi)
\symboldoperators=\mathgroup4
\symboldletters=\mathgroup5
\symboldsymbols=\mathgroup6
Package bm Info: No bold for \OMX/cmex/m/n, using \pmb.
LaTeX Font Info:    Redeclaring math alphabet \mathbf on input line 149.
) (/Users/mitraghotbi/Library/TinyTeX/texmf-dist/tex/latex/base/alltt.sty
Package: alltt 2024/07/07 v2.0g defines alltt environment
) (/Users/mitraghotbi/Library/TinyTeX/texmf-dist/tex/latex/tools/verbatim.sty
Package: verbatim 2024-01-22 v1.5x LaTeX2e package for verbatim enhancements
\every@verbatim=\toks18
\verbatim@line=\toks19
\verbatim@in@stream=\read2
) (/Users/mitraghotbi/Library/TinyTeX/texmf-dist/tex/latex/url/url.sty
\Urlmuskip=\muskip17
Package: url 2013/09/16  ver 3.4  Verb mode for urls, etc.
) (/Users/mitraghotbi/Library/TinyTeX/texmf-dist/tex/latex/base/textcomp.sty
Package: textcomp 2024/04/24 v2.1b Standard LaTeX package
) (/Users/mitraghotbi/Library/TinyTeX/texmf-dist/tex/latex/amsmath/amsmath.sty
Package: amsmath 2024/11/05 v2.17t AMS math features
\@mathmargin=\skip55

For additional information on amsmath, use the `?' option.
(/Users/mitraghotbi/Library/TinyTeX/texmf-dist/tex/latex/amsmath/amstext.sty
Package: amstext 2021/08/26 v2.01 AMS text
 (/Users/mitraghotbi/Library/TinyTeX/texmf-dist/tex/latex/amsmath/amsgen.sty
File: amsgen.sty 1999/11/30 v2.0 generic functions
\@emptytoks=\toks20
\ex@=\dimen148
)) (/Users/mitraghotbi/Library/TinyTeX/texmf-dist/tex/latex/amsmath/amsbsy.sty
Package: amsbsy 1999/11/29 v1.2d Bold Symbols
LaTeX Info: Redefining \boldsymbol on input line 28.
\pmbraise@=\dimen149
) (/Users/mitraghotbi/Library/TinyTeX/texmf-dist/tex/latex/amsmath/amsopn.sty
Package: amsopn 2022/04/08 v2.04 operator names
)
\inf@bad=\count286
LaTeX Info: Redefining \frac on input line 233.
\uproot@=\count287
\leftroot@=\count288
LaTeX Info: Redefining \overline on input line 398.
LaTeX Info: Redefining \colon on input line 409.
\classnum@=\count289
\DOTSCASE@=\count290
LaTeX Info: Redefining \ldots on input line 495.
LaTeX Info: Redefining \dots on input line 498.
LaTeX Info: Redefining \cdots on input line 619.
\Mathstrutbox@=\box58
\strutbox@=\box59
LaTeX Info: Redefining \big on input line 721.
LaTeX Info: Redefining \Big on input line 722.
LaTeX Info: Redefining \bigg on input line 723.
LaTeX Info: Redefining \Bigg on input line 724.
\big@size=\dimen150
LaTeX Font Info:    Redeclaring font encoding OML on input line 742.
LaTeX Font Info:    Redeclaring font encoding OMS on input line 743.
\macc@depth=\count291
LaTeX Info: Redefining \bmod on input line 904.
LaTeX Info: Redefining \pmod on input line 909.
LaTeX Info: Redefining \smash on input line 939.
LaTeX Info: Redefining \relbar on input line 969.
LaTeX Info: Redefining \Relbar on input line 970.
\c@MaxMatrixCols=\count292
\dotsspace@=\muskip18
\c@parentequation=\count293
\dspbrk@lvl=\count294
\tag@help=\toks21
\row@=\count295
\column@=\count296
\maxfields@=\count297
\andhelp@=\toks22
\eqnshift@=\dimen151
\alignsep@=\dimen152
\tagshift@=\dimen153
\tagwidth@=\dimen154
\totwidth@=\dimen155
\lineht@=\dimen156
\@envbody=\toks23
\multlinegap=\skip56
\multlinetaggap=\skip57
\mathdisplay@stack=\toks24
LaTeX Info: Redefining \[ on input line 2953.
LaTeX Info: Redefining \] on input line 2954.
) (/Users/mitraghotbi/Library/TinyTeX/texmf-dist/tex/latex/amsfonts/amsfonts.sty
Package: amsfonts 2013/01/14 v3.01 Basic AMSFonts support
\symAMSa=\mathgroup7
\symAMSb=\mathgroup8
LaTeX Font Info:    Redeclaring math symbol \hbar on input line 98.
LaTeX Font Info:    Overwriting math alphabet `\mathfrak' in version `bold'
(Font)                  U/euf/m/n --> U/euf/b/n on input line 106.
) (/Users/mitraghotbi/Library/TinyTeX/texmf-dist/tex/latex/amsfonts/amssymb.sty
Package: amssymb 2013/01/14 v3.01 AMS font symbols
) (/Users/mitraghotbi/Library/TinyTeX/texmf-dist/tex/latex/amsfonts/eucal.sty
Package: eucal 2009/06/22 v3.00 Euler Script fonts
LaTeX Font Info:    Overwriting math alphabet `\EuScript' in version `bold'
(Font)                  U/eus/m/n --> U/eus/b/n on input line 33.
)
\ldescriptionwidth=\skip58
 (/Users/mitraghotbi/Library/TinyTeX/texmf-dist/tex/latex/base/fontenc.sty
Package: fontenc 2021/04/29 v2.0v Standard LaTeX package
) (/Users/mitraghotbi/Library/TinyTeX/texmf-dist/tex/latex/psnfss/times.sty
Package: times 2020/03/25 PSNFSS-v9.3 (SPQR) 
) (/Users/mitraghotbi/Library/TinyTeX/texmf-dist/tex/latex/inconsolata/zi4.sty
Package: zi4 2019/05/17 v1.12
 `inconsolata-zi4' v1.12, 2019/05/17 Text macros for Inconsolata (msharpe) (/Users/mitraghotbi/Library/TinyTeX/texmf-dist/tex/latex/xkeyval/xkeyval.sty
Package: xkeyval 2022/06/16 v2.9 package option processing (HA)
 (/Users/mitraghotbi/Library/TinyTeX/texmf-dist/tex/generic/xkeyval/xkeyval.tex (/Users/mitraghotbi/Library/TinyTeX/texmf-dist/tex/generic/xkeyval/xkvutils.tex
\XKV@toks=\toks25
\XKV@tempa@toks=\toks26
 (/Users/mitraghotbi/Library/TinyTeX/texmf-dist/tex/generic/xkeyval/keyval.tex))
\XKV@depth=\count298
File: xkeyval.tex 2014/12/03 v2.7a key=value parser (HA)
))
\zifour@ocount=\count299
) (/Users/mitraghotbi/Library/TinyTeX/texmf-dist/tex/latex/graphics/color.sty
Package: color 2024/06/23 v1.3e Standard LaTeX Color (DPC)
 (/Users/mitraghotbi/Library/TinyTeX/texmf-dist/tex/latex/graphics-cfg/color.cfg
File: color.cfg 2016/01/02 v1.6 sample color configuration
)
Package color Info: Driver file: pdftex.def on input line 149.
 (/Users/mitraghotbi/Library/TinyTeX/texmf-dist/tex/latex/graphics-def/pdftex.def
File: pdftex.def 2024/04/13 v1.2c Graphics/color driver for pdftex
) (/Users/mitraghotbi/Library/TinyTeX/texmf-dist/tex/latex/graphics/mathcolor.ltx)) (/Users/mitraghotbi/Library/TinyTeX/texmf-dist/tex/latex/hyperref/hyperref.sty
Package: hyperref 2024-11-05 v7.01l Hypertext links for LaTeX
 (/Users/mitraghotbi/Library/TinyTeX/texmf-dist/tex/latex/kvsetkeys/kvsetkeys.sty
Package: kvsetkeys 2022-10-05 v1.19 Key value parser (HO)
) (/Users/mitraghotbi/Library/TinyTeX/texmf-dist/tex/generic/kvdefinekeys/kvdefinekeys.sty
Package: kvdefinekeys 2019-12-19 v1.6 Define keys (HO)
) (/Users/mitraghotbi/Library/TinyTeX/texmf-dist/tex/generic/pdfescape/pdfescape.sty
Package: pdfescape 2019/12/09 v1.15 Implements pdfTeX's escape features (HO)
 (/Users/mitraghotbi/Library/TinyTeX/texmf-dist/tex/generic/ltxcmds/ltxcmds.sty
Package: ltxcmds 2023-12-04 v1.26 LaTeX kernel commands for general use (HO)
) (/Users/mitraghotbi/Library/TinyTeX/texmf-dist/tex/generic/pdftexcmds/pdftexcmds.sty
Package: pdftexcmds 2020-06-27 v0.33 Utility functions of pdfTeX for LuaTeX (HO)
 (/Users/mitraghotbi/Library/TinyTeX/texmf-dist/tex/generic/infwarerr/infwarerr.sty
Package: infwarerr 2019/12/03 v1.5 Providing info/warning/error messages (HO)
)
Package pdftexcmds Info: \pdf@primitive is available.
Package pdftexcmds Info: \pdf@ifprimitive is available.
Package pdftexcmds Info: \pdfdraftmode found.
)) (/Users/mitraghotbi/Library/TinyTeX/texmf-dist/tex/latex/hycolor/hycolor.sty
Package: hycolor 2020-01-27 v1.10 Color options for hyperref/bookmark (HO)
) (/Users/mitraghotbi/Library/TinyTeX/texmf-dist/tex/latex/hyperref/nameref.sty
Package: nameref 2023-11-26 v2.56 Cross-referencing by name of section
 (/Users/mitraghotbi/Library/TinyTeX/texmf-dist/tex/latex/refcount/refcount.sty
Package: refcount 2019/12/15 v3.6 Data extraction from label references (HO)
) (/Users/mitraghotbi/Library/TinyTeX/texmf-dist/tex/generic/gettitlestring/gettitlestring.sty
Package: gettitlestring 2019/12/15 v1.6 Cleanup title references (HO)
 (/Users/mitraghotbi/Library/TinyTeX/texmf-dist/tex/latex/kvoptions/kvoptions.sty
Package: kvoptions 2022-06-15 v3.15 Key value format for package options (HO)
))
\c@section@level=\count300
) (/Users/mitraghotbi/Library/TinyTeX/texmf-dist/tex/latex/etoolbox/etoolbox.sty
Package: etoolbox 2025/02/11 v2.5l e-TeX tools for LaTeX (JAW)
\etb@tempcnta=\count301
) (/Users/mitraghotbi/Library/TinyTeX/texmf-dist/tex/generic/stringenc/stringenc.sty
Package: stringenc 2019/11/29 v1.12 Convert strings between diff. encodings (HO)
)
\@linkdim=\dimen157
\Hy@linkcounter=\count302
\Hy@pagecounter=\count303
 (/Users/mitraghotbi/Library/TinyTeX/texmf-dist/tex/latex/hyperref/pd1enc.def
File: pd1enc.def 2024-11-05 v7.01l Hyperref: PDFDocEncoding definition (HO)
Now handling font encoding PD1 ...
... no UTF-8 mapping file for font encoding PD1
) (/Users/mitraghotbi/Library/TinyTeX/texmf-dist/tex/generic/intcalc/intcalc.sty
Package: intcalc 2019/12/15 v1.3 Expandable calculations with integers (HO)
)
\Hy@SavedSpaceFactor=\count304
 (/Users/mitraghotbi/Library/TinyTeX/texmf-dist/tex/latex/hyperref/puenc.def
File: puenc.def 2024-11-05 v7.01l Hyperref: PDF Unicode definition (HO)
Now handling font encoding PU ...
... no UTF-8 mapping file for font encoding PU
)
Package hyperref Info: Hyper figures OFF on input line 4157.
Package hyperref Info: Link nesting OFF on input line 4162.
Package hyperref Info: Hyper index ON on input line 4165.
Package hyperref Info: Plain pages OFF on input line 4172.
Package hyperref Info: Backreferencing OFF on input line 4177.
Package hyperref Info: Implicit mode ON; LaTeX internals redefined.
Package hyperref Info: Bookmarks ON on input line 4424.
\c@Hy@tempcnt=\count305
LaTeX Info: Redefining \url on input line 4763.
\XeTeXLinkMargin=\dimen158
 (/Users/mitraghotbi/Library/TinyTeX/texmf-dist/tex/generic/bitset/bitset.sty
Package: bitset 2019/12/09 v1.3 Handle bit-vector datatype (HO)
 (/Users/mitraghotbi/Library/TinyTeX/texmf-dist/tex/generic/bigintcalc/bigintcalc.sty
Package: bigintcalc 2019/12/15 v1.5 Expandable calculations on big integers (HO)
))
\Fld@menulength=\count306
\Field@Width=\dimen159
\Fld@charsize=\dimen160
Package hyperref Info: Hyper figures OFF on input line 6042.
Package hyperref Info: Link nesting OFF on input line 6047.
Package hyperref Info: Hyper index ON on input line 6050.
Package hyperref Info: backreferencing OFF on input line 6057.
Package hyperref Info: Link coloring OFF on input line 6062.
Package hyperref Info: Link coloring with OCG OFF on input line 6067.
Package hyperref Info: PDF/A mode OFF on input line 6072.
 (/Users/mitraghotbi/Library/TinyTeX/texmf-dist/tex/latex/base/atbegshi-ltx.sty
Package: atbegshi-ltx 2021/01/10 v1.0c Emulation of the original atbegshi
package with kernel methods
)
\Hy@abspage=\count307
\c@Item=\count308
\c@Hfootnote=\count309
)
Package hyperref Info: Driver (autodetected): hpdftex.
 (/Users/mitraghotbi/Library/TinyTeX/texmf-dist/tex/latex/hyperref/hpdftex.def
File: hpdftex.def 2024-11-05 v7.01l Hyperref driver for pdfTeX
 (/Users/mitraghotbi/Library/TinyTeX/texmf-dist/tex/latex/base/atveryend-ltx.sty
Package: atveryend-ltx 2020/08/19 v1.0a Emulation of the original atveryend package
with kernel methods
)
\Fld@listcount=\count310
\c@bookmark@seq@number=\count311
 (/Users/mitraghotbi/Library/TinyTeX/texmf-dist/tex/latex/rerunfilecheck/rerunfilecheck.sty
Package: rerunfilecheck 2022-07-10 v1.10 Rerun checks for auxiliary files (HO)
 (/Users/mitraghotbi/Library/TinyTeX/texmf-dist/tex/generic/uniquecounter/uniquecounter.sty
Package: uniquecounter 2019/12/15 v1.4 Provide unlimited unique counter (HO)
)
Package uniquecounter Info: New unique counter `rerunfilecheck' on input line 285.
)
\Hy@SectionHShift=\skip59
)
Package hyperref Info: Option `colorlinks' set `true' on input line 413.
Package hyperref Info: Option `linktocpage' set `true' on input line 413.
Package hyperref Info: Option `plainpages' set `false' on input line 413.
) (/Users/mitraghotbi/Library/TinyTeX/texmf-dist/tex/latex/base/makeidx.sty
Package: makeidx 2021/10/04 v1.0m Standard LaTeX package
)
\@indexfile=\write3
\openout3 = `Rd2.idx'.


Writing index file Rd2.idx
LaTeX Font Info:    Trying to load font information for T1+ptm on input line 8.
(/Users/mitraghotbi/Library/TinyTeX/texmf-dist/tex/latex/psnfss/t1ptm.fd
File: t1ptm.fd 2001/06/04 font definitions for T1/ptm.
) (/Users/mitraghotbi/Library/TinyTeX/texmf-dist/tex/latex/l3backend/l3backend-pdftex.def
File: l3backend-pdftex.def 2025-04-14 L3 backend support: PDF output (pdfTeX)
\l__color_backend_stack_int=\count312
) (/private/var/folders/f1/f8pqw4_n4y90tlykbbhy3ztm0000gn/T/RtmpQ4FWNa/Rd2pdf8d8e339eb981/Rd2.aux)
\openout1 = `Rd2.aux'.

LaTeX Font Info:    Checking defaults for OML/cmm/m/it on input line 8.
LaTeX Font Info:    ... okay on input line 8.
LaTeX Font Info:    Checking defaults for OMS/cmsy/m/n on input line 8.
LaTeX Font Info:    ... okay on input line 8.
LaTeX Font Info:    Checking defaults for OT1/cmr/m/n on input line 8.
LaTeX Font Info:    ... okay on input line 8.
LaTeX Font Info:    Checking defaults for T1/cmr/m/n on input line 8.
LaTeX Font Info:    ... okay on input line 8.
LaTeX Font Info:    Checking defaults for TS1/cmr/m/n on input line 8.
LaTeX Font Info:    ... okay on input line 8.
LaTeX Font Info:    Checking defaults for OMX/cmex/m/n on input line 8.
LaTeX Font Info:    ... okay on input line 8.
LaTeX Font Info:    Checking defaults for U/cmr/m/n on input line 8.
LaTeX Font Info:    ... okay on input line 8.
LaTeX Font Info:    Checking defaults for PD1/pdf/m/n on input line 8.
LaTeX Font Info:    ... okay on input line 8.
LaTeX Font Info:    Checking defaults for PU/pdf/m/n on input line 8.
LaTeX Font Info:    ... okay on input line 8.
Package hyperref Info: Link coloring ON on input line 8.
 (/private/var/folders/f1/f8pqw4_n4y90tlykbbhy3ztm0000gn/T/RtmpQ4FWNa/Rd2pdf8d8e339eb981/Rd2.out) (/private/var/folders/f1/f8pqw4_n4y90tlykbbhy3ztm0000gn/T/RtmpQ4FWNa/Rd2pdf8d8e339eb981/Rd2.out)
\@outlinefile=\write4
\openout4 = `Rd2.out'.

LaTeX Font Info:    Trying to load font information for TS1+ptm on input line 31.
 (/Users/mitraghotbi/Library/TinyTeX/texmf-dist/tex/latex/psnfss/ts1ptm.fd
File: ts1ptm.fd 2001/06/04 font definitions for TS1/ptm.
)
LaTeX Font Info:    Trying to load font information for T1+zi4 on input line 53.
 (/Users/mitraghotbi/Library/TinyTeX/texmf-dist/tex/latex/inconsolata/t1zi4.fd
File: t1zi4.fd 2018/01/14 T1/zi4 (Inconsolata)
)
LaTeX Font Info:    Font shape `T1/zi4/m/n' will be
(Font)              scaled to size 10.0pt on input line 53.
LaTeX Font Info:    Trying to load font information for U+msa on input line 53.
 (/Users/mitraghotbi/Library/TinyTeX/texmf-dist/tex/latex/amsfonts/umsa.fd
File: umsa.fd 2013/01/14 v3.01 AMS symbols A
)
LaTeX Font Info:    Trying to load font information for U+msb on input line 53.
 (/Users/mitraghotbi/Library/TinyTeX/texmf-dist/tex/latex/amsfonts/umsb.fd
File: umsb.fd 2013/01/14 v3.01 AMS symbols B
)

[1


{/Users/mitraghotbi/Library/TinyTeX/texmf-var/fonts/map/pdftex/updmap/pdftex.map}{/Users/mitraghotbi/Library/TinyTeX/texmf-dist/fonts/enc/dvips/base/8r.enc}{/Users/mitraghotbi/Library/TinyTeX/texmf-dist/fonts/enc/dvips/inconsolata/i4-t1-0.enc}] (/private/var/folders/f1/f8pqw4_n4y90tlykbbhy3ztm0000gn/T/RtmpQ4FWNa/Rd2pdf8d8e339eb981/Rd2.toc

[2])
\tf@toc=\write5
\openout5 = `Rd2.toc'.



[3]
LaTeX Font Info:    Font shape `T1/zi4/m/n' will be
(Font)              scaled to size 9.0pt on input line 108.


[4]
Overfull \hbox (5.04878pt too wide) in paragraph at lines 176--177
[]\T1/ptm/m/n/10 A []\T1/zi4/m/n/10 phyloseq []\T1/ptm/m/n/10 or []\T1/zi4/m/n/10 TreeSummarizedExperiment []\T1/ptm/m/n/10 ob-ject con-tain-ing mi-cro-biome data. 
 []



[5]

[6]

[7]

[8]
Overfull \hbox (58.10756pt too wide) in paragraph at lines 413--417
[]\T1/ptm/m/n/10 This func-tion cal-cu-lates scal-ing fac-tors for spec-i-fied spiked species in a []\T1/zi4/m/n/10 phyloseq []\T1/ptm/m/n/10 or []\T1/zi4/m/n/10 TreeSummarizedExperiment
 []



[9]
Overfull \hbox (5.04878pt too wide) in paragraph at lines 432--433
[]\T1/ptm/m/n/10 A []\T1/zi4/m/n/10 phyloseq []\T1/ptm/m/n/10 or []\T1/zi4/m/n/10 TreeSummarizedExperiment []\T1/ptm/m/n/10 ob-ject con-tain-ing mi-cro-biome data. 
 []



[10]
Overfull \hbox (2.25635pt too wide) in paragraph at lines 480--480
 []  \T1/zi4/m/n/9 spiked_16S_OTU <- phyloseq::subset_samples(physeq_16SOTU, spiked.volume %in% c("2", "1"))[] 
 []



[11]

[12]
Overfull \hbox (67.68788pt too wide) in paragraph at lines 627--631
[]\T1/ptm/m/n/10 Computes the per-cent-age of reads at-tributed to spec-i-fied spike-in taxa in a []\T1/zi4/m/n/10 phyloseq []\T1/ptm/m/n/10 or []\T1/zi4/m/n/10 TreeSummarizedExperiment
 []



[13]
Overfull \hbox (27.75328pt too wide) in paragraph at lines 694--694
 []  \T1/zi4/m/n/9 spiked_species_list <- c("Pseudomonas aeruginosa", "Escherichia coli", "Clostridium difficile")[] 
 []



[14]
Overfull \hbox (88.74736pt too wide) in paragraph at lines 732--734
[]\T1/ptm/m/n/10 Optional. Char-ac-ter string spec-i-fy-ing the DOCX out-put path. De-fault is []\T1/zi4/m/n/10 "post_eval_summary.docx"[]\T1/ptm/m/n/10 . 
 []



[15]

[16]
Overfull \hbox (5.04878pt too wide) in paragraph at lines 853--854
[]\T1/ptm/m/n/10 A []\T1/zi4/m/n/10 phyloseq []\T1/ptm/m/n/10 or []\T1/zi4/m/n/10 TreeSummarizedExperiment []\T1/ptm/m/n/10 ob-ject con-tain-ing mi-cro-biome data. 
 []


Overfull \hbox (4.71957pt too wide) in paragraph at lines 859--860
[]\T1/ptm/m/n/10 Character, file path for the []\T1/zi4/m/n/10 .docx []\T1/ptm/m/n/10 out-put from []\T1/zi4/m/n/10 calculate_spike_percentage()[]\T1/ptm/m/n/10 . 
 []



[17]

[18]

[19]
Overfull \hbox (2.25635pt too wide) in paragraph at lines 1035--1035
 []  \T1/zi4/m/n/9 spiked_16S_OTU <- phyloseq::subset_samples(physeq_16SOTU, spiked.volume %in% c("2", "1"))[] 
 []



[20]

[21]

[22]

[23]
Overfull \hbox (6.75635pt too wide) in paragraph at lines 1245--1245
 []  \T1/zi4/m/n/9 Complete <- load_graphml(system.file("extdata", "Complete.graphml", package = "DspikeIn"))[] 
 []



[24]

[25]

[26]

[27]

[28]

[29]

[30]

[31]

[32]

[33]

[34]

[35]
Overfull \hbox (52.61026pt too wide) in alignment at lines 1906--1906
 [] [] 
 []

[36]

[37]

[38]

[39]

[40]

[41]

[42]

[43]
Underfull \vbox (badness 10000) has occurred while \output is active []



[44]

[45]
Overfull \hbox (13.63867pt too wide) in paragraph at lines 2401--2402
[]\T1/ptm/m/n/10 A char-ac-ter vec-tor of two lev-els to com-pare (e.g., []\T1/zi4/m/n/10 c("Control", "Treated")[]\T1/ptm/m/n/10 ). 
 []


Overfull \hbox (0.65791pt too wide) in paragraph at lines 2437--2438
[]\T1/ptm/m/n/10 A []\T1/zi4/m/n/10 ggplot2 []\T1/ptm/m/n/10 bar plot show-ing rel-a-tive abun-dance of sig-nif-i-cant taxa across groups. 
 []



[46]
Underfull \vbox (badness 10000) has occurred while \output is active []



[47]

[48]

[49]

[50]

[51]
Overfull \hbox (16.41006pt too wide) in paragraph at lines 2774--2774
 []  \T1/zi4/m/n/10 detections = list(prevalences = seq(0.03, 1, 0.01), thresholds = 10^seq(log10(0.03),[] 
 []



[52]
Overfull \hbox (6.62701pt too wide) in paragraph at lines 2786--2787
[]\T1/ptm/m/n/10 A char-ac-ter string spec-i-fy-ing the tax-o-nomic rank to glom taxa. De-fault is "Genus". 
 []



[53]

[54]

[55]

[56]

[57]

[58]
Overfull \hbox (5.25328pt too wide) in paragraph at lines 3136--3136
 []  \T1/zi4/m/n/9 spiked_species <- c("Pseudomonas aeruginosa", "Escherichia coli", "Clostridium difficile")[] 
 []


Overfull \hbox (5.04878pt too wide) in paragraph at lines 3169--3170
[]\T1/ptm/m/n/10 A []\T1/zi4/m/n/10 phyloseq []\T1/ptm/m/n/10 or []\T1/zi4/m/n/10 TreeSummarizedExperiment []\T1/ptm/m/n/10 ob-ject con-tain-ing mi-cro-biome data. 
 []



[59]

[60]
Overfull \hbox (9.92831pt too wide) in paragraph at lines 3236--3237
[]\T1/ptm/m/n/10 Numeric. X-axis thresh-old for quad-rant sep-a-ra-tion. De-fault is []\T1/zi4/m/n/10 median(x_metric)[]\T1/ptm/m/n/10 . 
 []


Overfull \hbox (8.81831pt too wide) in paragraph at lines 3238--3239
[]\T1/ptm/m/n/10 Numeric. Y-axis thresh-old for quad-rant sep-a-ra-tion. De-fault is []\T1/zi4/m/n/10 median(y_metric)[]\T1/ptm/m/n/10 . 
 []



[61]
Overfull \hbox (1.40706pt too wide) in paragraph at lines 3296--3297
[]\T1/ptm/m/n/10 A nu-meric value spec-i-fy-ing the min-i-mum li-brary size for fil-ter-ing low-abundance
 []



[62]
Overfull \hbox (5.04878pt too wide) in paragraph at lines 3369--3370
[]\T1/ptm/m/n/10 A []\T1/zi4/m/n/10 phyloseq []\T1/ptm/m/n/10 or []\T1/zi4/m/n/10 TreeSummarizedExperiment []\T1/ptm/m/n/10 ob-ject con-tain-ing mi-cro-biome data. 
 []



[63]

[64]

[65]

[66]

[67]

[68]

[69]
Overfull \hbox (9.50816pt too wide) in paragraph at lines 3786--3789
\T1/ptm/m/n/10 quan-tiles) for each ASV (Am-pli-con Se-quence Vari-ant) in a []\T1/zi4/m/n/10 phyloseq []\T1/ptm/m/n/10 or []\T1/zi4/m/n/10 TreeSummarizedExperiment
 []



[70]
Overfull \hbox (0.1187pt too wide) in paragraph at lines 3799--3800
[]\T1/ptm/m/n/10 A []\T1/zi4/m/n/10 phyloseq []\T1/ptm/m/n/10 or []\T1/zi4/m/n/10 TreeSummarizedExperiment []\T1/ptm/m/n/10 ob-ject con-tain-ing ASV abun-dance
 []



[71]
Overfull \hbox (5.04878pt too wide) in paragraph at lines 3881--3882
[]\T1/ptm/m/n/10 A []\T1/zi4/m/n/10 phyloseq []\T1/ptm/m/n/10 or []\T1/zi4/m/n/10 TreeSummarizedExperiment []\T1/ptm/m/n/10 ob-ject con-tain-ing mi-cro-biome data. 
 []



[72]
Overfull \hbox (5.04878pt too wide) in paragraph at lines 3953--3954
[]\T1/ptm/m/n/10 A []\T1/zi4/m/n/10 phyloseq []\T1/ptm/m/n/10 or []\T1/zi4/m/n/10 TreeSummarizedExperiment []\T1/ptm/m/n/10 ob-ject con-tain-ing mi-cro-biome data. 
 []



[73]

[74]
Overfull \hbox (35.52826pt too wide) in paragraph at lines 4043--4045
[]\T1/ptm/m/n/10 Cleans and stan-dard-izes a mi-cro-biome dataset, sup-port-ing both []\T1/zi4/m/n/10 phyloseq []\T1/ptm/m/n/10 and []\T1/zi4/m/n/10 TreeSummarizedExperiment[]\T1/ptm/m/n/10 .
 []


Overfull \hbox (43.30028pt too wide) in paragraph at lines 4079--4080
[]\T1/ptm/m/n/10 A []\T1/zi4/m/n/10 phyloseq::phyloseq []\T1/ptm/m/n/10 or []\T1/zi4/m/n/10 TreeSummarizedExperiment::TreeSummarizedExperiment
 []



[75]

[76]

[77]
Overfull \hbox (2.45772pt too wide) in paragraph at lines 4250--4253
[]\T1/ptm/m/n/10 Character. The \T1/ptm/b/n/10 GraphML file path\T1/ptm/m/n/10 . De-fault ([]\T1/zi4/m/n/10 NULL[]\T1/ptm/m/n/10 ) loads []\T1/zi4/m/n/10 "Complete.graphml"
 []


Overfull \hbox (15.09894pt too wide) in paragraph at lines 4250--4253
[]\T1/ptm/m/n/10 from \T1/ptm/b/n/10 DspikeIn\T1/ptm/m/n/10 . Valid in-ter-nal op-tions: []\T1/zi4/m/n/10 "Complete.graphml"[]\T1/ptm/m/n/10 , []\T1/zi4/m/n/10 "NoHubs.graphml"[]\T1/ptm/m/n/10 ,
 []



[78] (/private/var/folders/f1/f8pqw4_n4y90tlykbbhy3ztm0000gn/T/RtmpQ4FWNa/Rd2pdf8d8e339eb981/Rd2.ind

[79]
Overfull \hbox (3.3567pt too wide) in paragraph at lines 32--34
[]\T1/zi4/m/n/10 calculate_list_average_scaling_factors\T1/ptm/m/n/10 , 
 []





[80

]
Overfull \hbox (73.3567pt too wide) in paragraph at lines 153--155
[]\T1/zi4/m/n/10 TreeSummarizedExperiment::TreeSummarizedExperiment()\T1/ptm/m/n/10 , 
 []





[81

]) (/private/var/folders/f1/f8pqw4_n4y90tlykbbhy3ztm0000gn/T/RtmpQ4FWNa/Rd2pdf8d8e339eb981/Rd2.aux)
 ***********
LaTeX2e <2024-11-01> patch level 2
L3 programming layer <2025-04-14>
 ***********
Package rerunfilecheck Info: File `Rd2.out' has not changed.
(rerunfilecheck)             Checksum: D6943B1209B064E3FE187123D47CE6A7;11971.
 ) 
Here is how much of TeX's memory you used:
 11036 strings out of 471589
 170651 string characters out of 5519674
 545332 words of memory out of 5000000
 36805 multiletter control sequences out of 15000+600000
 660197 words of font info for 80 fonts, out of 8000000 for 9000
 14 hyphenation exceptions out of 8191
 92i,6n,95p,428b,735s stack positions out of 10000i,1000n,20000p,200000b,200000s

pdfTeX warning (dest): name{Rfn.ggraph} has been referenced but does not exist, replaced by a fixed one


pdfTeX warning (dest): name{Rfn.cluster.Rul.fast.Rul.greedy} has been referenced but does not exist, replaced by a fixed one


pdfTeX warning (dest): name{Rfn.TreeSummarizedExperiment::TreeSummarizedExperiment\(\)} has been referenced but does not exist, replaced by a fixed one


pdfTeX warning (dest): name{Rfn.facet.Rul.wrap} has been referenced but does not exist, replaced by a fixed one


pdfTeX warning (dest): name{Rfn.stat.Rul.cor} has been referenced but does not exist, replaced by a fixed one


pdfTeX warning (dest): name{Rfn.stat.Rul.regline.Rul.equation} has been referenced but does not exist, replaced by a fixed one


pdfTeX warning (dest): name{Rfn.prune.Rul.taxa} has been referenced but does not exist, replaced by a fixed one


pdfTeX warning (dest): name{Rfn.randomForest} has been referenced but does not exist, replaced by a fixed one

</Users/mitraghotbi/Library/TinyTeX/texmf-dist/fonts/type1/public/inconsolata/Inconsolata-zi4r.pfb></Users/mitraghotbi/Library/TinyTeX/texmf-dist/fonts/type1/public/amsfonts/cm/cmmi10.pfb></Users/mitraghotbi/Library/TinyTeX/texmf-dist/fonts/type1/public/amsfonts/cm/cmr10.pfb></Users/mitraghotbi/Library/TinyTeX/texmf-dist/fonts/type1/public/amsfonts/cm/cmsy10.pfb></Users/mitraghotbi/Library/TinyTeX/texmf-dist/fonts/type1/urw/times/utmb8a.pfb></Users/mitraghotbi/Library/TinyTeX/texmf-dist/fonts/type1/urw/times/utmr8a.pfb></Users/mitraghotbi/Library/TinyTeX/texmf-dist/fonts/type1/urw/times/utmr8a.pfb></Users/mitraghotbi/Library/TinyTeX/texmf-dist/fonts/type1/urw/times/utmri8a.pfb>
Output written on Rd2.pdf (81 pages, 255400 bytes).
PDF statistics:
 1525 PDF objects out of 1728 (max. 8388607)
 1411 compressed objects within 15 object streams
 643 named destinations out of 1000 (max. 500000)
 625 words of extra memory for PDF output out of 10000 (max. 10000000)

