Hmm ... looks like a package
Converting parsed Rd's to LaTeX .......
Creating pdf output from LaTeX ...

This is pdfTeX, Version 3.141592653-2.6-1.40.27 (TeX Live 2025) (preloaded format=pdflatex)
 restricted \write18 enabled.
entering extended mode
LaTeX2e <2024-11-01> patch level 2
L3 programming layer <2025-04-14>
(./Rd2.tex
(/Users/mitraghotbi/Library/TinyTeX/texmf-dist/tex/latex/base/book.cls
Document Class: book 2024/06/29 v1.4n Standard LaTeX document class
(/Users/mitraghotbi/Library/TinyTeX/texmf-dist/tex/latex/base/bk10.clo)) (/Library/Frameworks/R.framework/Resources/share/texmf/tex/latex/Rd.sty (/Users/mitraghotbi/Library/TinyTeX/texmf-dist/tex/latex/base/ifthen.sty) (/Users/mitraghotbi/Library/TinyTeX/texmf-dist/tex/generic/iftex/iftex.sty) (/Users/mitraghotbi/Library/TinyTeX/texmf-dist/tex/latex/tools/longtable.sty) (/Users/mitraghotbi/Library/TinyTeX/texmf-dist/tex/latex/tools/bm.sty) (/Users/mitraghotbi/Library/TinyTeX/texmf-dist/tex/latex/base/alltt.sty) (/Users/mitraghotbi/Library/TinyTeX/texmf-dist/tex/latex/tools/verbatim.sty) (/Users/mitraghotbi/Library/TinyTeX/texmf-dist/tex/latex/url/url.sty) (/Users/mitraghotbi/Library/TinyTeX/texmf-dist/tex/latex/base/textcomp.sty) (/Users/mitraghotbi/Library/TinyTeX/texmf-dist/tex/latex/amsmath/amsmath.sty
For additional information on amsmath, use the `?' option.
(/Users/mitraghotbi/Library/TinyTeX/texmf-dist/tex/latex/amsmath/amstext.sty (/Users/mitraghotbi/Library/TinyTeX/texmf-dist/tex/latex/amsmath/amsgen.sty)) (/Users/mitraghotbi/Library/TinyTeX/texmf-dist/tex/latex/amsmath/amsbsy.sty) (/Users/mitraghotbi/Library/TinyTeX/texmf-dist/tex/latex/amsmath/amsopn.sty)) (/Users/mitraghotbi/Library/TinyTeX/texmf-dist/tex/latex/amsfonts/amsfonts.sty) (/Users/mitraghotbi/Library/TinyTeX/texmf-dist/tex/latex/amsfonts/amssymb.sty) (/Users/mitraghotbi/Library/TinyTeX/texmf-dist/tex/latex/amsfonts/eucal.sty) (/Users/mitraghotbi/Library/TinyTeX/texmf-dist/tex/latex/base/fontenc.sty) (/Users/mitraghotbi/Library/TinyTeX/texmf-dist/tex/latex/psnfss/times.sty) (/Users/mitraghotbi/Library/TinyTeX/texmf-dist/tex/latex/inconsolata/zi4.sty `inconsolata-zi4' v1.12, 2019/05/17 Text macros for Inconsolata (msharpe) (/Users/mitraghotbi/Library/TinyTeX/texmf-dist/tex/latex/xkeyval/xkeyval.sty (/Users/mitraghotbi/Library/TinyTeX/texmf-dist/tex/generic/xkeyval/xkeyval.tex (/Users/mitraghotbi/Library/TinyTeX/texmf-dist/tex/generic/xkeyval/xkvutils.tex (/Users/mitraghotbi/Library/TinyTeX/texmf-dist/tex/generic/xkeyval/keyval.tex))))) (/Users/mitraghotbi/Library/TinyTeX/texmf-dist/tex/latex/graphics/color.sty (/Users/mitraghotbi/Library/TinyTeX/texmf-dist/tex/latex/graphics-cfg/color.cfg) (/Users/mitraghotbi/Library/TinyTeX/texmf-dist/tex/latex/graphics-def/pdftex.def) (/Users/mitraghotbi/Library/TinyTeX/texmf-dist/tex/latex/graphics/mathcolor.ltx)) (/Users/mitraghotbi/Library/TinyTeX/texmf-dist/tex/latex/hyperref/hyperref.sty (/Users/mitraghotbi/Library/TinyTeX/texmf-dist/tex/latex/kvsetkeys/kvsetkeys.sty) (/Users/mitraghotbi/Library/TinyTeX/texmf-dist/tex/generic/kvdefinekeys/kvdefinekeys.sty) (/Users/mitraghotbi/Library/TinyTeX/texmf-dist/tex/generic/pdfescape/pdfescape.sty (/Users/mitraghotbi/Library/TinyTeX/texmf-dist/tex/generic/ltxcmds/ltxcmds.sty) (/Users/mitraghotbi/Library/TinyTeX/texmf-dist/tex/generic/pdftexcmds/pdftexcmds.sty (/Users/mitraghotbi/Library/TinyTeX/texmf-dist/tex/generic/infwarerr/infwarerr.sty))) (/Users/mitraghotbi/Library/TinyTeX/texmf-dist/tex/latex/hycolor/hycolor.sty) (/Users/mitraghotbi/Library/TinyTeX/texmf-dist/tex/latex/hyperref/nameref.sty (/Users/mitraghotbi/Library/TinyTeX/texmf-dist/tex/latex/refcount/refcount.sty) (/Users/mitraghotbi/Library/TinyTeX/texmf-dist/tex/generic/gettitlestring/gettitlestring.sty (/Users/mitraghotbi/Library/TinyTeX/texmf-dist/tex/latex/kvoptions/kvoptions.sty))) (/Users/mitraghotbi/Library/TinyTeX/texmf-dist/tex/latex/etoolbox/etoolbox.sty) (/Users/mitraghotbi/Library/TinyTeX/texmf-dist/tex/generic/stringenc/stringenc.sty) (/Users/mitraghotbi/Library/TinyTeX/texmf-dist/tex/latex/hyperref/pd1enc.def) (/Users/mitraghotbi/Library/TinyTeX/texmf-dist/tex/generic/intcalc/intcalc.sty) (/Users/mitraghotbi/Library/TinyTeX/texmf-dist/tex/latex/hyperref/puenc.def) (/Users/mitraghotbi/Library/TinyTeX/texmf-dist/tex/generic/bitset/bitset.sty (/Users/mitraghotbi/Library/TinyTeX/texmf-dist/tex/generic/bigintcalc/bigintcalc.sty)) (/Users/mitraghotbi/Library/TinyTeX/texmf-dist/tex/latex/base/atbegshi-ltx.sty)) (/Users/mitraghotbi/Library/TinyTeX/texmf-dist/tex/latex/hyperref/hpdftex.def (/Users/mitraghotbi/Library/TinyTeX/texmf-dist/tex/latex/base/atveryend-ltx.sty) (/Users/mitraghotbi/Library/TinyTeX/texmf-dist/tex/latex/rerunfilecheck/rerunfilecheck.sty (/Users/mitraghotbi/Library/TinyTeX/texmf-dist/tex/generic/uniquecounter/uniquecounter.sty)))) (/Users/mitraghotbi/Library/TinyTeX/texmf-dist/tex/latex/base/makeidx.sty)
Writing index file Rd2.idx
(/Users/mitraghotbi/Library/TinyTeX/texmf-dist/tex/latex/psnfss/t1ptm.fd) (/Users/mitraghotbi/Library/TinyTeX/texmf-dist/tex/latex/l3backend/l3backend-pdftex.def)
No file Rd2.aux.
(/Users/mitraghotbi/Library/TinyTeX/texmf-dist/tex/latex/psnfss/ts1ptm.fd) (/Users/mitraghotbi/Library/TinyTeX/texmf-dist/tex/latex/inconsolata/t1zi4.fd) (/Users/mitraghotbi/Library/TinyTeX/texmf-dist/tex/latex/amsfonts/umsa.fd) (/Users/mitraghotbi/Library/TinyTeX/texmf-dist/tex/latex/amsfonts/umsb.fd)
[1{/Users/mitraghotbi/Library/TinyTeX/texmf-var/fonts/map/pdftex/updmap/pdftex.map}{/Users/mitraghotbi/Library/TinyTeX/texmf-dist/fonts/enc/dvips/base/8r.enc}{/Users/mitraghotbi/Library/TinyTeX/texmf-dist/fonts/enc/dvips/inconsolata/i4-t1-0.enc}]
No file Rd2.toc.

[2]
[3]
Overfull \hbox (5.04878pt too wide) in paragraph at lines 176--177
[]\T1/ptm/m/n/10 A []\T1/zi4/m/n/10 phyloseq []\T1/ptm/m/n/10 or []\T1/zi4/m/n/10 TreeSummarizedExperiment []\T1/ptm/m/n/10 ob-ject con-tain-ing mi-cro-biome data. 

[4]
[5]
[6]
[7]
Overfull \hbox (58.10756pt too wide) in paragraph at lines 413--417
[]\T1/ptm/m/n/10 This func-tion cal-cu-lates scal-ing fac-tors for spec-i-fied spiked species in a []\T1/zi4/m/n/10 phyloseq []\T1/ptm/m/n/10 or []\T1/zi4/m/n/10 TreeSummarizedExperiment

Overfull \hbox (5.04878pt too wide) in paragraph at lines 432--433
[]\T1/ptm/m/n/10 A []\T1/zi4/m/n/10 phyloseq []\T1/ptm/m/n/10 or []\T1/zi4/m/n/10 TreeSummarizedExperiment []\T1/ptm/m/n/10 ob-ject con-tain-ing mi-cro-biome data. 

[8]
Overfull \hbox (2.25635pt too wide) in paragraph at lines 480--480
 []  \T1/zi4/m/n/9 spiked_16S_OTU <- phyloseq::subset_samples(physeq_16SOTU, spiked.volume %in% c("2", "1"))[] 

[9]
[10]
[11]
Overfull \hbox (67.68788pt too wide) in paragraph at lines 627--631
[]\T1/ptm/m/n/10 Computes the per-cent-age of reads at-tributed to spec-i-fied spike-in taxa in a []\T1/zi4/m/n/10 phyloseq []\T1/ptm/m/n/10 or []\T1/zi4/m/n/10 TreeSummarizedExperiment

[12]
Overfull \hbox (27.75328pt too wide) in paragraph at lines 694--694
 []  \T1/zi4/m/n/9 spiked_species_list <- c("Pseudomonas aeruginosa", "Escherichia coli", "Clostridium difficile")[] 

Overfull \hbox (88.74736pt too wide) in paragraph at lines 732--734
[]\T1/ptm/m/n/10 Optional. Char-ac-ter string spec-i-fy-ing the DOCX out-put path. De-fault is []\T1/zi4/m/n/10 "post_eval_summary.docx"[]\T1/ptm/m/n/10 . 

[13]
[14]
[15]
Overfull \hbox (5.04878pt too wide) in paragraph at lines 853--854
[]\T1/ptm/m/n/10 A []\T1/zi4/m/n/10 phyloseq []\T1/ptm/m/n/10 or []\T1/zi4/m/n/10 TreeSummarizedExperiment []\T1/ptm/m/n/10 ob-ject con-tain-ing mi-cro-biome data. 

Overfull \hbox (4.71957pt too wide) in paragraph at lines 859--860
[]\T1/ptm/m/n/10 Character, file path for the []\T1/zi4/m/n/10 .docx []\T1/ptm/m/n/10 out-put from []\T1/zi4/m/n/10 calculate_spike_percentage()[]\T1/ptm/m/n/10 . 

[16]
[17]
[18]
Overfull \hbox (2.25635pt too wide) in paragraph at lines 1035--1035
 []  \T1/zi4/m/n/9 spiked_16S_OTU <- phyloseq::subset_samples(physeq_16SOTU, spiked.volume %in% c("2", "1"))[] 

[19]
[20]
[21]
[22]
Overfull \hbox (6.75635pt too wide) in paragraph at lines 1245--1245
 []  \T1/zi4/m/n/9 Complete <- load_graphml(system.file("extdata", "Complete.graphml", package = "DspikeIn"))[] 

[23]
[24]
[25]
[26]
[27]
[28]
[29]
[30]
[31]
[32]
[33]
[34]
Overfull \hbox (52.61026pt too wide) in alignment at lines 1906--1906
 [] [] 

[35]
[36]
[37]
[38]
[39]
[40]
[41]
[42]
Underfull \vbox (badness 10000) has occurred while \output is active
[43]
Overfull \hbox (13.63867pt too wide) in paragraph at lines 2401--2402
[]\T1/ptm/m/n/10 A char-ac-ter vec-tor of two lev-els to com-pare (e.g., []\T1/zi4/m/n/10 c("Control", "Treated")[]\T1/ptm/m/n/10 ). 

[44]
Overfull \hbox (0.65791pt too wide) in paragraph at lines 2437--2438
[]\T1/ptm/m/n/10 A []\T1/zi4/m/n/10 ggplot2 []\T1/ptm/m/n/10 bar plot show-ing rel-a-tive abun-dance of sig-nif-i-cant taxa across groups. 

[45]
[46]
[47]
[48]
[49]
[50]
Overfull \hbox (16.41006pt too wide) in paragraph at lines 2774--2774
 []  \T1/zi4/m/n/10 detections = list(prevalences = seq(0.03, 1, 0.01), thresholds = 10^seq(log10(0.03),[] 

Overfull \hbox (6.62701pt too wide) in paragraph at lines 2786--2787
[]\T1/ptm/m/n/10 A char-ac-ter string spec-i-fy-ing the tax-o-nomic rank to glom taxa. De-fault is "Genus". 

[51]
[52]
[53]
[54]
[55]
[56]
Overfull \hbox (5.25328pt too wide) in paragraph at lines 3136--3136
 []  \T1/zi4/m/n/9 spiked_species <- c("Pseudomonas aeruginosa", "Escherichia coli", "Clostridium difficile")[] 

Overfull \hbox (5.04878pt too wide) in paragraph at lines 3169--3170
[]\T1/ptm/m/n/10 A []\T1/zi4/m/n/10 phyloseq []\T1/ptm/m/n/10 or []\T1/zi4/m/n/10 TreeSummarizedExperiment []\T1/ptm/m/n/10 ob-ject con-tain-ing mi-cro-biome data. 

[57]
[58]
Overfull \hbox (9.92831pt too wide) in paragraph at lines 3236--3237
[]\T1/ptm/m/n/10 Numeric. X-axis thresh-old for quad-rant sep-a-ra-tion. De-fault is []\T1/zi4/m/n/10 median(x_metric)[]\T1/ptm/m/n/10 . 

Overfull \hbox (8.81831pt too wide) in paragraph at lines 3238--3239
[]\T1/ptm/m/n/10 Numeric. Y-axis thresh-old for quad-rant sep-a-ra-tion. De-fault is []\T1/zi4/m/n/10 median(y_metric)[]\T1/ptm/m/n/10 . 

[59]
Overfull \hbox (1.40706pt too wide) in paragraph at lines 3296--3297
[]\T1/ptm/m/n/10 A nu-meric value spec-i-fy-ing the min-i-mum li-brary size for fil-ter-ing low-abundance

[60]
Overfull \hbox (5.04878pt too wide) in paragraph at lines 3369--3370
[]\T1/ptm/m/n/10 A []\T1/zi4/m/n/10 phyloseq []\T1/ptm/m/n/10 or []\T1/zi4/m/n/10 TreeSummarizedExperiment []\T1/ptm/m/n/10 ob-ject con-tain-ing mi-cro-biome data. 

[61]
[62]
[63]
[64]
[65]
[66]
[67]
Overfull \hbox (9.50816pt too wide) in paragraph at lines 3786--3789
\T1/ptm/m/n/10 quan-tiles) for each ASV (Am-pli-con Se-quence Vari-ant) in a []\T1/zi4/m/n/10 phyloseq []\T1/ptm/m/n/10 or []\T1/zi4/m/n/10 TreeSummarizedExperiment

[68]
Overfull \hbox (0.1187pt too wide) in paragraph at lines 3799--3800
[]\T1/ptm/m/n/10 A []\T1/zi4/m/n/10 phyloseq []\T1/ptm/m/n/10 or []\T1/zi4/m/n/10 TreeSummarizedExperiment []\T1/ptm/m/n/10 ob-ject con-tain-ing ASV abun-dance

[69]
Overfull \hbox (5.04878pt too wide) in paragraph at lines 3881--3882
[]\T1/ptm/m/n/10 A []\T1/zi4/m/n/10 phyloseq []\T1/ptm/m/n/10 or []\T1/zi4/m/n/10 TreeSummarizedExperiment []\T1/ptm/m/n/10 ob-ject con-tain-ing mi-cro-biome data. 

[70]
Overfull \hbox (5.04878pt too wide) in paragraph at lines 3953--3954
[]\T1/ptm/m/n/10 A []\T1/zi4/m/n/10 phyloseq []\T1/ptm/m/n/10 or []\T1/zi4/m/n/10 TreeSummarizedExperiment []\T1/ptm/m/n/10 ob-ject con-tain-ing mi-cro-biome data. 

[71]
[72]
Overfull \hbox (35.52826pt too wide) in paragraph at lines 4043--4045
[]\T1/ptm/m/n/10 Cleans and stan-dard-izes a mi-cro-biome dataset, sup-port-ing both []\T1/zi4/m/n/10 phyloseq []\T1/ptm/m/n/10 and []\T1/zi4/m/n/10 TreeSummarizedExperiment[]\T1/ptm/m/n/10 .

Overfull \hbox (43.30028pt too wide) in paragraph at lines 4079--4080
[]\T1/ptm/m/n/10 A []\T1/zi4/m/n/10 phyloseq::phyloseq []\T1/ptm/m/n/10 or []\T1/zi4/m/n/10 TreeSummarizedExperiment::TreeSummarizedExperiment

[73]
[74]
[75]
Overfull \hbox (2.45772pt too wide) in paragraph at lines 4250--4253
[]\T1/ptm/m/n/10 Character. The \T1/ptm/b/n/10 GraphML file path\T1/ptm/m/n/10 . De-fault ([]\T1/zi4/m/n/10 NULL[]\T1/ptm/m/n/10 ) loads []\T1/zi4/m/n/10 "Complete.graphml"

Overfull \hbox (15.09894pt too wide) in paragraph at lines 4250--4253
[]\T1/ptm/m/n/10 from \T1/ptm/b/n/10 DspikeIn\T1/ptm/m/n/10 . Valid in-ter-nal op-tions: []\T1/zi4/m/n/10 "Complete.graphml"[]\T1/ptm/m/n/10 , []\T1/zi4/m/n/10 "NoHubs.graphml"[]\T1/ptm/m/n/10 ,

[76]
No file Rd2.ind.

[77] (/private/var/folders/f1/f8pqw4_n4y90tlykbbhy3ztm0000gn/T/RtmpQ4FWNa/Rd2pdf8d8e339eb981/Rd2.aux)

Package rerunfilecheck Warning: File `Rd2.out' has changed.
(rerunfilecheck)                Rerun to get outlines right
(rerunfilecheck)                or use package `bookmark'.

 )
(see the transcript file for additional information)
pdfTeX warning (dest): name{Rfn.ggraph} has been referenced but does not exist, replaced by a fixed one


pdfTeX warning (dest): name{Rfn.cluster.Rul.fast.Rul.greedy} has been referenced but does not exist, replaced by a fixed one


pdfTeX warning (dest): name{Rfn.TreeSummarizedExperiment::TreeSummarizedExperiment\(\)} has been referenced but does not exist, replaced by a fixed one


pdfTeX warning (dest): name{Rfn.facet.Rul.wrap} has been referenced but does not exist, replaced by a fixed one


pdfTeX warning (dest): name{Rfn.stat.Rul.cor} has been referenced but does not exist, replaced by a fixed one


pdfTeX warning (dest): name{Rfn.stat.Rul.regline.Rul.equation} has been referenced but does not exist, replaced by a fixed one


pdfTeX warning (dest): name{Rfn.prune.Rul.taxa} has been referenced but does not exist, replaced by a fixed one


pdfTeX warning (dest): name{Rfn.randomForest} has been referenced but does not exist, replaced by a fixed one

</Users/mitraghotbi/Library/TinyTeX/texmf-dist/fonts/type1/public/inconsolata/Inconsolata-zi4r.pfb></Users/mitraghotbi/Library/TinyTeX/texmf-dist/fonts/type1/public/amsfonts/cm/cmmi10.pfb></Users/mitraghotbi/Library/TinyTeX/texmf-dist/fonts/type1/public/amsfonts/cm/cmr10.pfb></Users/mitraghotbi/Library/TinyTeX/texmf-dist/fonts/type1/public/amsfonts/cm/cmsy10.pfb></Users/mitraghotbi/Library/TinyTeX/texmf-dist/fonts/type1/urw/times/utmb8a.pfb></Users/mitraghotbi/Library/TinyTeX/texmf-dist/fonts/type1/urw/times/utmr8a.pfb></Users/mitraghotbi/Library/TinyTeX/texmf-dist/fonts/type1/urw/times/utmr8a.pfb></Users/mitraghotbi/Library/TinyTeX/texmf-dist/fonts/type1/urw/times/utmri8a.pfb>
Output written on Rd2.pdf (77 pages, 238230 bytes).
Transcript written on Rd2.log.
This is makeindex, version 2.17 [TeX Live 2025] (kpathsea + Thai support).
Scanning input file Rd2.idx....done (101 entries accepted, 0 rejected).
Sorting entries....done (709 comparisons).
Generating output file Rd2.ind....done (165 lines written, 0 warnings).
Output written in Rd2.ind.
Transcript written in Rd2.ilg.
This is pdfTeX, Version 3.141592653-2.6-1.40.27 (TeX Live 2025) (preloaded format=pdflatex)
 restricted \write18 enabled.
entering extended mode
LaTeX2e <2024-11-01> patch level 2
L3 programming layer <2025-04-14>
(./Rd2.tex
(/Users/mitraghotbi/Library/TinyTeX/texmf-dist/tex/latex/base/book.cls
Document Class: book 2024/06/29 v1.4n Standard LaTeX document class
(/Users/mitraghotbi/Library/TinyTeX/texmf-dist/tex/latex/base/bk10.clo)) (/Library/Frameworks/R.framework/Resources/share/texmf/tex/latex/Rd.sty (/Users/mitraghotbi/Library/TinyTeX/texmf-dist/tex/latex/base/ifthen.sty) (/Users/mitraghotbi/Library/TinyTeX/texmf-dist/tex/generic/iftex/iftex.sty) (/Users/mitraghotbi/Library/TinyTeX/texmf-dist/tex/latex/tools/longtable.sty) (/Users/mitraghotbi/Library/TinyTeX/texmf-dist/tex/latex/tools/bm.sty) (/Users/mitraghotbi/Library/TinyTeX/texmf-dist/tex/latex/base/alltt.sty) (/Users/mitraghotbi/Library/TinyTeX/texmf-dist/tex/latex/tools/verbatim.sty) (/Users/mitraghotbi/Library/TinyTeX/texmf-dist/tex/latex/url/url.sty) (/Users/mitraghotbi/Library/TinyTeX/texmf-dist/tex/latex/base/textcomp.sty) (/Users/mitraghotbi/Library/TinyTeX/texmf-dist/tex/latex/amsmath/amsmath.sty
For additional information on amsmath, use the `?' option.
(/Users/mitraghotbi/Library/TinyTeX/texmf-dist/tex/latex/amsmath/amstext.sty (/Users/mitraghotbi/Library/TinyTeX/texmf-dist/tex/latex/amsmath/amsgen.sty)) (/Users/mitraghotbi/Library/TinyTeX/texmf-dist/tex/latex/amsmath/amsbsy.sty) (/Users/mitraghotbi/Library/TinyTeX/texmf-dist/tex/latex/amsmath/amsopn.sty)) (/Users/mitraghotbi/Library/TinyTeX/texmf-dist/tex/latex/amsfonts/amsfonts.sty) (/Users/mitraghotbi/Library/TinyTeX/texmf-dist/tex/latex/amsfonts/amssymb.sty) (/Users/mitraghotbi/Library/TinyTeX/texmf-dist/tex/latex/amsfonts/eucal.sty) (/Users/mitraghotbi/Library/TinyTeX/texmf-dist/tex/latex/base/fontenc.sty) (/Users/mitraghotbi/Library/TinyTeX/texmf-dist/tex/latex/psnfss/times.sty) (/Users/mitraghotbi/Library/TinyTeX/texmf-dist/tex/latex/inconsolata/zi4.sty `inconsolata-zi4' v1.12, 2019/05/17 Text macros for Inconsolata (msharpe) (/Users/mitraghotbi/Library/TinyTeX/texmf-dist/tex/latex/xkeyval/xkeyval.sty (/Users/mitraghotbi/Library/TinyTeX/texmf-dist/tex/generic/xkeyval/xkeyval.tex (/Users/mitraghotbi/Library/TinyTeX/texmf-dist/tex/generic/xkeyval/xkvutils.tex (/Users/mitraghotbi/Library/TinyTeX/texmf-dist/tex/generic/xkeyval/keyval.tex))))) (/Users/mitraghotbi/Library/TinyTeX/texmf-dist/tex/latex/graphics/color.sty (/Users/mitraghotbi/Library/TinyTeX/texmf-dist/tex/latex/graphics-cfg/color.cfg) (/Users/mitraghotbi/Library/TinyTeX/texmf-dist/tex/latex/graphics-def/pdftex.def) (/Users/mitraghotbi/Library/TinyTeX/texmf-dist/tex/latex/graphics/mathcolor.ltx)) (/Users/mitraghotbi/Library/TinyTeX/texmf-dist/tex/latex/hyperref/hyperref.sty (/Users/mitraghotbi/Library/TinyTeX/texmf-dist/tex/latex/kvsetkeys/kvsetkeys.sty) (/Users/mitraghotbi/Library/TinyTeX/texmf-dist/tex/generic/kvdefinekeys/kvdefinekeys.sty) (/Users/mitraghotbi/Library/TinyTeX/texmf-dist/tex/generic/pdfescape/pdfescape.sty (/Users/mitraghotbi/Library/TinyTeX/texmf-dist/tex/generic/ltxcmds/ltxcmds.sty) (/Users/mitraghotbi/Library/TinyTeX/texmf-dist/tex/generic/pdftexcmds/pdftexcmds.sty (/Users/mitraghotbi/Library/TinyTeX/texmf-dist/tex/generic/infwarerr/infwarerr.sty))) (/Users/mitraghotbi/Library/TinyTeX/texmf-dist/tex/latex/hycolor/hycolor.sty) (/Users/mitraghotbi/Library/TinyTeX/texmf-dist/tex/latex/hyperref/nameref.sty (/Users/mitraghotbi/Library/TinyTeX/texmf-dist/tex/latex/refcount/refcount.sty) (/Users/mitraghotbi/Library/TinyTeX/texmf-dist/tex/generic/gettitlestring/gettitlestring.sty (/Users/mitraghotbi/Library/TinyTeX/texmf-dist/tex/latex/kvoptions/kvoptions.sty))) (/Users/mitraghotbi/Library/TinyTeX/texmf-dist/tex/latex/etoolbox/etoolbox.sty) (/Users/mitraghotbi/Library/TinyTeX/texmf-dist/tex/generic/stringenc/stringenc.sty) (/Users/mitraghotbi/Library/TinyTeX/texmf-dist/tex/latex/hyperref/pd1enc.def) (/Users/mitraghotbi/Library/TinyTeX/texmf-dist/tex/generic/intcalc/intcalc.sty) (/Users/mitraghotbi/Library/TinyTeX/texmf-dist/tex/latex/hyperref/puenc.def) (/Users/mitraghotbi/Library/TinyTeX/texmf-dist/tex/generic/bitset/bitset.sty (/Users/mitraghotbi/Library/TinyTeX/texmf-dist/tex/generic/bigintcalc/bigintcalc.sty)) (/Users/mitraghotbi/Library/TinyTeX/texmf-dist/tex/latex/base/atbegshi-ltx.sty)) (/Users/mitraghotbi/Library/TinyTeX/texmf-dist/tex/latex/hyperref/hpdftex.def (/Users/mitraghotbi/Library/TinyTeX/texmf-dist/tex/latex/base/atveryend-ltx.sty) (/Users/mitraghotbi/Library/TinyTeX/texmf-dist/tex/latex/rerunfilecheck/rerunfilecheck.sty (/Users/mitraghotbi/Library/TinyTeX/texmf-dist/tex/generic/uniquecounter/uniquecounter.sty)))) (/Users/mitraghotbi/Library/TinyTeX/texmf-dist/tex/latex/base/makeidx.sty)
Writing index file Rd2.idx
(/Users/mitraghotbi/Library/TinyTeX/texmf-dist/tex/latex/psnfss/t1ptm.fd) (/Users/mitraghotbi/Library/TinyTeX/texmf-dist/tex/latex/l3backend/l3backend-pdftex.def) (/private/var/folders/f1/f8pqw4_n4y90tlykbbhy3ztm0000gn/T/RtmpQ4FWNa/Rd2pdf8d8e339eb981/Rd2.aux) (/private/var/folders/f1/f8pqw4_n4y90tlykbbhy3ztm0000gn/T/RtmpQ4FWNa/Rd2pdf8d8e339eb981/Rd2.out) (/private/var/folders/f1/f8pqw4_n4y90tlykbbhy3ztm0000gn/T/RtmpQ4FWNa/Rd2pdf8d8e339eb981/Rd2.out) (/Users/mitraghotbi/Library/TinyTeX/texmf-dist/tex/latex/psnfss/ts1ptm.fd) (/Users/mitraghotbi/Library/TinyTeX/texmf-dist/tex/latex/inconsolata/t1zi4.fd) (/Users/mitraghotbi/Library/TinyTeX/texmf-dist/tex/latex/amsfonts/umsa.fd) (/Users/mitraghotbi/Library/TinyTeX/texmf-dist/tex/latex/amsfonts/umsb.fd)
[1{/Users/mitraghotbi/Library/TinyTeX/texmf-var/fonts/map/pdftex/updmap/pdftex.map}{/Users/mitraghotbi/Library/TinyTeX/texmf-dist/fonts/enc/dvips/base/8r.enc}{/Users/mitraghotbi/Library/TinyTeX/texmf-dist/fonts/enc/dvips/inconsolata/i4-t1-0.enc}] (/private/var/folders/f1/f8pqw4_n4y90tlykbbhy3ztm0000gn/T/RtmpQ4FWNa/Rd2pdf8d8e339eb981/Rd2.toc
[2])
[3]
[4]
Overfull \hbox (5.04878pt too wide) in paragraph at lines 176--177
[]\T1/ptm/m/n/10 A []\T1/zi4/m/n/10 phyloseq []\T1/ptm/m/n/10 or []\T1/zi4/m/n/10 TreeSummarizedExperiment []\T1/ptm/m/n/10 ob-ject con-tain-ing mi-cro-biome data. 

[5]
[6]
[7]
[8]
Overfull \hbox (58.10756pt too wide) in paragraph at lines 413--417
[]\T1/ptm/m/n/10 This func-tion cal-cu-lates scal-ing fac-tors for spec-i-fied spiked species in a []\T1/zi4/m/n/10 phyloseq []\T1/ptm/m/n/10 or []\T1/zi4/m/n/10 TreeSummarizedExperiment

Overfull \hbox (5.04878pt too wide) in paragraph at lines 432--433
[]\T1/ptm/m/n/10 A []\T1/zi4/m/n/10 phyloseq []\T1/ptm/m/n/10 or []\T1/zi4/m/n/10 TreeSummarizedExperiment []\T1/ptm/m/n/10 ob-ject con-tain-ing mi-cro-biome data. 

[9]
Overfull \hbox (2.25635pt too wide) in paragraph at lines 480--480
 []  \T1/zi4/m/n/9 spiked_16S_OTU <- phyloseq::subset_samples(physeq_16SOTU, spiked.volume %in% c("2", "1"))[] 

[10]
[11]
[12]
Overfull \hbox (67.68788pt too wide) in paragraph at lines 627--631
[]\T1/ptm/m/n/10 Computes the per-cent-age of reads at-tributed to spec-i-fied spike-in taxa in a []\T1/zi4/m/n/10 phyloseq []\T1/ptm/m/n/10 or []\T1/zi4/m/n/10 TreeSummarizedExperiment

[13]
Overfull \hbox (27.75328pt too wide) in paragraph at lines 694--694
 []  \T1/zi4/m/n/9 spiked_species_list <- c("Pseudomonas aeruginosa", "Escherichia coli", "Clostridium difficile")[] 

[14]
Overfull \hbox (88.74736pt too wide) in paragraph at lines 732--734
[]\T1/ptm/m/n/10 Optional. Char-ac-ter string spec-i-fy-ing the DOCX out-put path. De-fault is []\T1/zi4/m/n/10 "post_eval_summary.docx"[]\T1/ptm/m/n/10 . 

[15]
[16]
Overfull \hbox (5.04878pt too wide) in paragraph at lines 853--854
[]\T1/ptm/m/n/10 A []\T1/zi4/m/n/10 phyloseq []\T1/ptm/m/n/10 or []\T1/zi4/m/n/10 TreeSummarizedExperiment []\T1/ptm/m/n/10 ob-ject con-tain-ing mi-cro-biome data. 

Overfull \hbox (4.71957pt too wide) in paragraph at lines 859--860
[]\T1/ptm/m/n/10 Character, file path for the []\T1/zi4/m/n/10 .docx []\T1/ptm/m/n/10 out-put from []\T1/zi4/m/n/10 calculate_spike_percentage()[]\T1/ptm/m/n/10 . 

[17]
[18]
[19]
Overfull \hbox (2.25635pt too wide) in paragraph at lines 1035--1035
 []  \T1/zi4/m/n/9 spiked_16S_OTU <- phyloseq::subset_samples(physeq_16SOTU, spiked.volume %in% c("2", "1"))[] 

[20]
[21]
[22]
[23]
Overfull \hbox (6.75635pt too wide) in paragraph at lines 1245--1245
 []  \T1/zi4/m/n/9 Complete <- load_graphml(system.file("extdata", "Complete.graphml", package = "DspikeIn"))[] 

[24]
[25]
[26]
[27]
[28]
[29]
[30]
[31]
[32]
[33]
[34]
[35]
Overfull \hbox (52.61026pt too wide) in alignment at lines 1906--1906
 [] [] 
[36]
[37]
[38]
[39]
[40]
[41]
[42]
[43]
Underfull \vbox (badness 10000) has occurred while \output is active
[44]
[45]
Overfull \hbox (13.63867pt too wide) in paragraph at lines 2401--2402
[]\T1/ptm/m/n/10 A char-ac-ter vec-tor of two lev-els to com-pare (e.g., []\T1/zi4/m/n/10 c("Control", "Treated")[]\T1/ptm/m/n/10 ). 

Overfull \hbox (0.65791pt too wide) in paragraph at lines 2437--2438
[]\T1/ptm/m/n/10 A []\T1/zi4/m/n/10 ggplot2 []\T1/ptm/m/n/10 bar plot show-ing rel-a-tive abun-dance of sig-nif-i-cant taxa across groups. 

[46]
Underfull \vbox (badness 10000) has occurred while \output is active
[47]
[48]
[49]
[50]
[51]
Overfull \hbox (16.41006pt too wide) in paragraph at lines 2774--2774
 []  \T1/zi4/m/n/10 detections = list(prevalences = seq(0.03, 1, 0.01), thresholds = 10^seq(log10(0.03),[] 

[52]
Overfull \hbox (6.62701pt too wide) in paragraph at lines 2786--2787
[]\T1/ptm/m/n/10 A char-ac-ter string spec-i-fy-ing the tax-o-nomic rank to glom taxa. De-fault is "Genus". 

[53]
[54]
[55]
[56]
[57]
[58]
Overfull \hbox (5.25328pt too wide) in paragraph at lines 3136--3136
 []  \T1/zi4/m/n/9 spiked_species <- c("Pseudomonas aeruginosa", "Escherichia coli", "Clostridium difficile")[] 

Overfull \hbox (5.04878pt too wide) in paragraph at lines 3169--3170
[]\T1/ptm/m/n/10 A []\T1/zi4/m/n/10 phyloseq []\T1/ptm/m/n/10 or []\T1/zi4/m/n/10 TreeSummarizedExperiment []\T1/ptm/m/n/10 ob-ject con-tain-ing mi-cro-biome data. 

[59]
[60]
Overfull \hbox (9.92831pt too wide) in paragraph at lines 3236--3237
[]\T1/ptm/m/n/10 Numeric. X-axis thresh-old for quad-rant sep-a-ra-tion. De-fault is []\T1/zi4/m/n/10 median(x_metric)[]\T1/ptm/m/n/10 . 

Overfull \hbox (8.81831pt too wide) in paragraph at lines 3238--3239
[]\T1/ptm/m/n/10 Numeric. Y-axis thresh-old for quad-rant sep-a-ra-tion. De-fault is []\T1/zi4/m/n/10 median(y_metric)[]\T1/ptm/m/n/10 . 

[61]
Overfull \hbox (1.40706pt too wide) in paragraph at lines 3296--3297
[]\T1/ptm/m/n/10 A nu-meric value spec-i-fy-ing the min-i-mum li-brary size for fil-ter-ing low-abundance

[62]
Overfull \hbox (5.04878pt too wide) in paragraph at lines 3369--3370
[]\T1/ptm/m/n/10 A []\T1/zi4/m/n/10 phyloseq []\T1/ptm/m/n/10 or []\T1/zi4/m/n/10 TreeSummarizedExperiment []\T1/ptm/m/n/10 ob-ject con-tain-ing mi-cro-biome data. 

[63]
[64]
[65]
[66]
[67]
[68]
[69]
Overfull \hbox (9.50816pt too wide) in paragraph at lines 3786--3789
\T1/ptm/m/n/10 quan-tiles) for each ASV (Am-pli-con Se-quence Vari-ant) in a []\T1/zi4/m/n/10 phyloseq []\T1/ptm/m/n/10 or []\T1/zi4/m/n/10 TreeSummarizedExperiment

[70]
Overfull \hbox (0.1187pt too wide) in paragraph at lines 3799--3800
[]\T1/ptm/m/n/10 A []\T1/zi4/m/n/10 phyloseq []\T1/ptm/m/n/10 or []\T1/zi4/m/n/10 TreeSummarizedExperiment []\T1/ptm/m/n/10 ob-ject con-tain-ing ASV abun-dance

[71]
Overfull \hbox (5.04878pt too wide) in paragraph at lines 3881--3882
[]\T1/ptm/m/n/10 A []\T1/zi4/m/n/10 phyloseq []\T1/ptm/m/n/10 or []\T1/zi4/m/n/10 TreeSummarizedExperiment []\T1/ptm/m/n/10 ob-ject con-tain-ing mi-cro-biome data. 

[72]
Overfull \hbox (5.04878pt too wide) in paragraph at lines 3953--3954
[]\T1/ptm/m/n/10 A []\T1/zi4/m/n/10 phyloseq []\T1/ptm/m/n/10 or []\T1/zi4/m/n/10 TreeSummarizedExperiment []\T1/ptm/m/n/10 ob-ject con-tain-ing mi-cro-biome data. 

[73]
[74]
Overfull \hbox (35.52826pt too wide) in paragraph at lines 4043--4045
[]\T1/ptm/m/n/10 Cleans and stan-dard-izes a mi-cro-biome dataset, sup-port-ing both []\T1/zi4/m/n/10 phyloseq []\T1/ptm/m/n/10 and []\T1/zi4/m/n/10 TreeSummarizedExperiment[]\T1/ptm/m/n/10 .

Overfull \hbox (43.30028pt too wide) in paragraph at lines 4079--4080
[]\T1/ptm/m/n/10 A []\T1/zi4/m/n/10 phyloseq::phyloseq []\T1/ptm/m/n/10 or []\T1/zi4/m/n/10 TreeSummarizedExperiment::TreeSummarizedExperiment

[75]
[76]
[77]
Overfull \hbox (2.45772pt too wide) in paragraph at lines 4250--4253
[]\T1/ptm/m/n/10 Character. The \T1/ptm/b/n/10 GraphML file path\T1/ptm/m/n/10 . De-fault ([]\T1/zi4/m/n/10 NULL[]\T1/ptm/m/n/10 ) loads []\T1/zi4/m/n/10 "Complete.graphml"

Overfull \hbox (15.09894pt too wide) in paragraph at lines 4250--4253
[]\T1/ptm/m/n/10 from \T1/ptm/b/n/10 DspikeIn\T1/ptm/m/n/10 . Valid in-ter-nal op-tions: []\T1/zi4/m/n/10 "Complete.graphml"[]\T1/ptm/m/n/10 , []\T1/zi4/m/n/10 "NoHubs.graphml"[]\T1/ptm/m/n/10 ,

[78] (/private/var/folders/f1/f8pqw4_n4y90tlykbbhy3ztm0000gn/T/RtmpQ4FWNa/Rd2pdf8d8e339eb981/Rd2.ind
[79]
Overfull \hbox (3.3567pt too wide) in paragraph at lines 32--34
[]\T1/zi4/m/n/10 calculate_list_average_scaling_factors\T1/ptm/m/n/10 , 


[80]
Overfull \hbox (73.3567pt too wide) in paragraph at lines 153--155
[]\T1/zi4/m/n/10 TreeSummarizedExperiment::TreeSummarizedExperiment()\T1/ptm/m/n/10 , 


[81]) (/private/var/folders/f1/f8pqw4_n4y90tlykbbhy3ztm0000gn/T/RtmpQ4FWNa/Rd2pdf8d8e339eb981/Rd2.aux)

Package rerunfilecheck Warning: File `Rd2.out' has changed.
(rerunfilecheck)                Rerun to get outlines right
(rerunfilecheck)                or use package `bookmark'.

 )
(see the transcript file for additional information)
pdfTeX warning (dest): name{Rfn.ggraph} has been referenced but does not exist, replaced by a fixed one


pdfTeX warning (dest): name{Rfn.cluster.Rul.fast.Rul.greedy} has been referenced but does not exist, replaced by a fixed one


pdfTeX warning (dest): name{Rfn.TreeSummarizedExperiment::TreeSummarizedExperiment\(\)} has been referenced but does not exist, replaced by a fixed one


pdfTeX warning (dest): name{Rfn.facet.Rul.wrap} has been referenced but does not exist, replaced by a fixed one


pdfTeX warning (dest): name{Rfn.stat.Rul.cor} has been referenced but does not exist, replaced by a fixed one


pdfTeX warning (dest): name{Rfn.stat.Rul.regline.Rul.equation} has been referenced but does not exist, replaced by a fixed one


pdfTeX warning (dest): name{Rfn.prune.Rul.taxa} has been referenced but does not exist, replaced by a fixed one


pdfTeX warning (dest): name{Rfn.randomForest} has been referenced but does not exist, replaced by a fixed one

</Users/mitraghotbi/Library/TinyTeX/texmf-dist/fonts/type1/public/inconsolata/Inconsolata-zi4r.pfb></Users/mitraghotbi/Library/TinyTeX/texmf-dist/fonts/type1/public/amsfonts/cm/cmmi10.pfb></Users/mitraghotbi/Library/TinyTeX/texmf-dist/fonts/type1/public/amsfonts/cm/cmr10.pfb></Users/mitraghotbi/Library/TinyTeX/texmf-dist/fonts/type1/public/amsfonts/cm/cmsy10.pfb></Users/mitraghotbi/Library/TinyTeX/texmf-dist/fonts/type1/urw/times/utmb8a.pfb></Users/mitraghotbi/Library/TinyTeX/texmf-dist/fonts/type1/urw/times/utmr8a.pfb></Users/mitraghotbi/Library/TinyTeX/texmf-dist/fonts/type1/urw/times/utmr8a.pfb></Users/mitraghotbi/Library/TinyTeX/texmf-dist/fonts/type1/urw/times/utmri8a.pfb>
Output written on Rd2.pdf (81 pages, 255141 bytes).
Transcript written on Rd2.log.
This is makeindex, version 2.17 [TeX Live 2025] (kpathsea + Thai support).
Scanning input file Rd2.idx....done (101 entries accepted, 0 rejected).
Sorting entries....done (709 comparisons).
Generating output file Rd2.ind....done (165 lines written, 0 warnings).
Output written in Rd2.ind.
Transcript written in Rd2.ilg.
This is pdfTeX, Version 3.141592653-2.6-1.40.27 (TeX Live 2025) (preloaded format=pdflatex)
 restricted \write18 enabled.
entering extended mode
LaTeX2e <2024-11-01> patch level 2
L3 programming layer <2025-04-14>
(./Rd2.tex
(/Users/mitraghotbi/Library/TinyTeX/texmf-dist/tex/latex/base/book.cls
Document Class: book 2024/06/29 v1.4n Standard LaTeX document class
(/Users/mitraghotbi/Library/TinyTeX/texmf-dist/tex/latex/base/bk10.clo)) (/Library/Frameworks/R.framework/Resources/share/texmf/tex/latex/Rd.sty (/Users/mitraghotbi/Library/TinyTeX/texmf-dist/tex/latex/base/ifthen.sty) (/Users/mitraghotbi/Library/TinyTeX/texmf-dist/tex/generic/iftex/iftex.sty) (/Users/mitraghotbi/Library/TinyTeX/texmf-dist/tex/latex/tools/longtable.sty) (/Users/mitraghotbi/Library/TinyTeX/texmf-dist/tex/latex/tools/bm.sty) (/Users/mitraghotbi/Library/TinyTeX/texmf-dist/tex/latex/base/alltt.sty) (/Users/mitraghotbi/Library/TinyTeX/texmf-dist/tex/latex/tools/verbatim.sty) (/Users/mitraghotbi/Library/TinyTeX/texmf-dist/tex/latex/url/url.sty) (/Users/mitraghotbi/Library/TinyTeX/texmf-dist/tex/latex/base/textcomp.sty) (/Users/mitraghotbi/Library/TinyTeX/texmf-dist/tex/latex/amsmath/amsmath.sty
For additional information on amsmath, use the `?' option.
(/Users/mitraghotbi/Library/TinyTeX/texmf-dist/tex/latex/amsmath/amstext.sty (/Users/mitraghotbi/Library/TinyTeX/texmf-dist/tex/latex/amsmath/amsgen.sty)) (/Users/mitraghotbi/Library/TinyTeX/texmf-dist/tex/latex/amsmath/amsbsy.sty) (/Users/mitraghotbi/Library/TinyTeX/texmf-dist/tex/latex/amsmath/amsopn.sty)) (/Users/mitraghotbi/Library/TinyTeX/texmf-dist/tex/latex/amsfonts/amsfonts.sty) (/Users/mitraghotbi/Library/TinyTeX/texmf-dist/tex/latex/amsfonts/amssymb.sty) (/Users/mitraghotbi/Library/TinyTeX/texmf-dist/tex/latex/amsfonts/eucal.sty) (/Users/mitraghotbi/Library/TinyTeX/texmf-dist/tex/latex/base/fontenc.sty) (/Users/mitraghotbi/Library/TinyTeX/texmf-dist/tex/latex/psnfss/times.sty) (/Users/mitraghotbi/Library/TinyTeX/texmf-dist/tex/latex/inconsolata/zi4.sty `inconsolata-zi4' v1.12, 2019/05/17 Text macros for Inconsolata (msharpe) (/Users/mitraghotbi/Library/TinyTeX/texmf-dist/tex/latex/xkeyval/xkeyval.sty (/Users/mitraghotbi/Library/TinyTeX/texmf-dist/tex/generic/xkeyval/xkeyval.tex (/Users/mitraghotbi/Library/TinyTeX/texmf-dist/tex/generic/xkeyval/xkvutils.tex (/Users/mitraghotbi/Library/TinyTeX/texmf-dist/tex/generic/xkeyval/keyval.tex))))) (/Users/mitraghotbi/Library/TinyTeX/texmf-dist/tex/latex/graphics/color.sty (/Users/mitraghotbi/Library/TinyTeX/texmf-dist/tex/latex/graphics-cfg/color.cfg) (/Users/mitraghotbi/Library/TinyTeX/texmf-dist/tex/latex/graphics-def/pdftex.def) (/Users/mitraghotbi/Library/TinyTeX/texmf-dist/tex/latex/graphics/mathcolor.ltx)) (/Users/mitraghotbi/Library/TinyTeX/texmf-dist/tex/latex/hyperref/hyperref.sty (/Users/mitraghotbi/Library/TinyTeX/texmf-dist/tex/latex/kvsetkeys/kvsetkeys.sty) (/Users/mitraghotbi/Library/TinyTeX/texmf-dist/tex/generic/kvdefinekeys/kvdefinekeys.sty) (/Users/mitraghotbi/Library/TinyTeX/texmf-dist/tex/generic/pdfescape/pdfescape.sty (/Users/mitraghotbi/Library/TinyTeX/texmf-dist/tex/generic/ltxcmds/ltxcmds.sty) (/Users/mitraghotbi/Library/TinyTeX/texmf-dist/tex/generic/pdftexcmds/pdftexcmds.sty (/Users/mitraghotbi/Library/TinyTeX/texmf-dist/tex/generic/infwarerr/infwarerr.sty))) (/Users/mitraghotbi/Library/TinyTeX/texmf-dist/tex/latex/hycolor/hycolor.sty) (/Users/mitraghotbi/Library/TinyTeX/texmf-dist/tex/latex/hyperref/nameref.sty (/Users/mitraghotbi/Library/TinyTeX/texmf-dist/tex/latex/refcount/refcount.sty) (/Users/mitraghotbi/Library/TinyTeX/texmf-dist/tex/generic/gettitlestring/gettitlestring.sty (/Users/mitraghotbi/Library/TinyTeX/texmf-dist/tex/latex/kvoptions/kvoptions.sty))) (/Users/mitraghotbi/Library/TinyTeX/texmf-dist/tex/latex/etoolbox/etoolbox.sty) (/Users/mitraghotbi/Library/TinyTeX/texmf-dist/tex/generic/stringenc/stringenc.sty) (/Users/mitraghotbi/Library/TinyTeX/texmf-dist/tex/latex/hyperref/pd1enc.def) (/Users/mitraghotbi/Library/TinyTeX/texmf-dist/tex/generic/intcalc/intcalc.sty) (/Users/mitraghotbi/Library/TinyTeX/texmf-dist/tex/latex/hyperref/puenc.def) (/Users/mitraghotbi/Library/TinyTeX/texmf-dist/tex/generic/bitset/bitset.sty (/Users/mitraghotbi/Library/TinyTeX/texmf-dist/tex/generic/bigintcalc/bigintcalc.sty)) (/Users/mitraghotbi/Library/TinyTeX/texmf-dist/tex/latex/base/atbegshi-ltx.sty)) (/Users/mitraghotbi/Library/TinyTeX/texmf-dist/tex/latex/hyperref/hpdftex.def (/Users/mitraghotbi/Library/TinyTeX/texmf-dist/tex/latex/base/atveryend-ltx.sty) (/Users/mitraghotbi/Library/TinyTeX/texmf-dist/tex/latex/rerunfilecheck/rerunfilecheck.sty (/Users/mitraghotbi/Library/TinyTeX/texmf-dist/tex/generic/uniquecounter/uniquecounter.sty)))) (/Users/mitraghotbi/Library/TinyTeX/texmf-dist/tex/latex/base/makeidx.sty)
Writing index file Rd2.idx
(/Users/mitraghotbi/Library/TinyTeX/texmf-dist/tex/latex/psnfss/t1ptm.fd) (/Users/mitraghotbi/Library/TinyTeX/texmf-dist/tex/latex/l3backend/l3backend-pdftex.def) (/private/var/folders/f1/f8pqw4_n4y90tlykbbhy3ztm0000gn/T/RtmpQ4FWNa/Rd2pdf8d8e339eb981/Rd2.aux) (/private/var/folders/f1/f8pqw4_n4y90tlykbbhy3ztm0000gn/T/RtmpQ4FWNa/Rd2pdf8d8e339eb981/Rd2.out) (/private/var/folders/f1/f8pqw4_n4y90tlykbbhy3ztm0000gn/T/RtmpQ4FWNa/Rd2pdf8d8e339eb981/Rd2.out) (/Users/mitraghotbi/Library/TinyTeX/texmf-dist/tex/latex/psnfss/ts1ptm.fd) (/Users/mitraghotbi/Library/TinyTeX/texmf-dist/tex/latex/inconsolata/t1zi4.fd) (/Users/mitraghotbi/Library/TinyTeX/texmf-dist/tex/latex/amsfonts/umsa.fd) (/Users/mitraghotbi/Library/TinyTeX/texmf-dist/tex/latex/amsfonts/umsb.fd)
[1{/Users/mitraghotbi/Library/TinyTeX/texmf-var/fonts/map/pdftex/updmap/pdftex.map}{/Users/mitraghotbi/Library/TinyTeX/texmf-dist/fonts/enc/dvips/base/8r.enc}{/Users/mitraghotbi/Library/TinyTeX/texmf-dist/fonts/enc/dvips/inconsolata/i4-t1-0.enc}] (/private/var/folders/f1/f8pqw4_n4y90tlykbbhy3ztm0000gn/T/RtmpQ4FWNa/Rd2pdf8d8e339eb981/Rd2.toc
[2])
[3]
[4]
Overfull \hbox (5.04878pt too wide) in paragraph at lines 176--177
[]\T1/ptm/m/n/10 A []\T1/zi4/m/n/10 phyloseq []\T1/ptm/m/n/10 or []\T1/zi4/m/n/10 TreeSummarizedExperiment []\T1/ptm/m/n/10 ob-ject con-tain-ing mi-cro-biome data. 

[5]
[6]
[7]
[8]
Overfull \hbox (58.10756pt too wide) in paragraph at lines 413--417
[]\T1/ptm/m/n/10 This func-tion cal-cu-lates scal-ing fac-tors for spec-i-fied spiked species in a []\T1/zi4/m/n/10 phyloseq []\T1/ptm/m/n/10 or []\T1/zi4/m/n/10 TreeSummarizedExperiment

[9]
Overfull \hbox (5.04878pt too wide) in paragraph at lines 432--433
[]\T1/ptm/m/n/10 A []\T1/zi4/m/n/10 phyloseq []\T1/ptm/m/n/10 or []\T1/zi4/m/n/10 TreeSummarizedExperiment []\T1/ptm/m/n/10 ob-ject con-tain-ing mi-cro-biome data. 

[10]
Overfull \hbox (2.25635pt too wide) in paragraph at lines 480--480
 []  \T1/zi4/m/n/9 spiked_16S_OTU <- phyloseq::subset_samples(physeq_16SOTU, spiked.volume %in% c("2", "1"))[] 

[11]
[12]
Overfull \hbox (67.68788pt too wide) in paragraph at lines 627--631
[]\T1/ptm/m/n/10 Computes the per-cent-age of reads at-tributed to spec-i-fied spike-in taxa in a []\T1/zi4/m/n/10 phyloseq []\T1/ptm/m/n/10 or []\T1/zi4/m/n/10 TreeSummarizedExperiment

[13]
Overfull \hbox (27.75328pt too wide) in paragraph at lines 694--694
 []  \T1/zi4/m/n/9 spiked_species_list <- c("Pseudomonas aeruginosa", "Escherichia coli", "Clostridium difficile")[] 

[14]
Overfull \hbox (88.74736pt too wide) in paragraph at lines 732--734
[]\T1/ptm/m/n/10 Optional. Char-ac-ter string spec-i-fy-ing the DOCX out-put path. De-fault is []\T1/zi4/m/n/10 "post_eval_summary.docx"[]\T1/ptm/m/n/10 . 

[15]
[16]
Overfull \hbox (5.04878pt too wide) in paragraph at lines 853--854
[]\T1/ptm/m/n/10 A []\T1/zi4/m/n/10 phyloseq []\T1/ptm/m/n/10 or []\T1/zi4/m/n/10 TreeSummarizedExperiment []\T1/ptm/m/n/10 ob-ject con-tain-ing mi-cro-biome data. 

Overfull \hbox (4.71957pt too wide) in paragraph at lines 859--860
[]\T1/ptm/m/n/10 Character, file path for the []\T1/zi4/m/n/10 .docx []\T1/ptm/m/n/10 out-put from []\T1/zi4/m/n/10 calculate_spike_percentage()[]\T1/ptm/m/n/10 . 

[17]
[18]
[19]
Overfull \hbox (2.25635pt too wide) in paragraph at lines 1035--1035
 []  \T1/zi4/m/n/9 spiked_16S_OTU <- phyloseq::subset_samples(physeq_16SOTU, spiked.volume %in% c("2", "1"))[] 

[20]
[21]
[22]
[23]
Overfull \hbox (6.75635pt too wide) in paragraph at lines 1245--1245
 []  \T1/zi4/m/n/9 Complete <- load_graphml(system.file("extdata", "Complete.graphml", package = "DspikeIn"))[] 

[24]
[25]
[26]
[27]
[28]
[29]
[30]
[31]
[32]
[33]
[34]
[35]
Overfull \hbox (52.61026pt too wide) in alignment at lines 1906--1906
 [] [] 
[36]
[37]
[38]
[39]
[40]
[41]
[42]
[43]
Underfull \vbox (badness 10000) has occurred while \output is active
[44]
[45]
Overfull \hbox (13.63867pt too wide) in paragraph at lines 2401--2402
[]\T1/ptm/m/n/10 A char-ac-ter vec-tor of two lev-els to com-pare (e.g., []\T1/zi4/m/n/10 c("Control", "Treated")[]\T1/ptm/m/n/10 ). 

Overfull \hbox (0.65791pt too wide) in paragraph at lines 2437--2438
[]\T1/ptm/m/n/10 A []\T1/zi4/m/n/10 ggplot2 []\T1/ptm/m/n/10 bar plot show-ing rel-a-tive abun-dance of sig-nif-i-cant taxa across groups. 

[46]
Underfull \vbox (badness 10000) has occurred while \output is active
[47]
[48]
[49]
[50]
[51]
Overfull \hbox (16.41006pt too wide) in paragraph at lines 2774--2774
 []  \T1/zi4/m/n/10 detections = list(prevalences = seq(0.03, 1, 0.01), thresholds = 10^seq(log10(0.03),[] 

[52]
Overfull \hbox (6.62701pt too wide) in paragraph at lines 2786--2787
[]\T1/ptm/m/n/10 A char-ac-ter string spec-i-fy-ing the tax-o-nomic rank to glom taxa. De-fault is "Genus". 

[53]
[54]
[55]
[56]
[57]
[58]
Overfull \hbox (5.25328pt too wide) in paragraph at lines 3136--3136
 []  \T1/zi4/m/n/9 spiked_species <- c("Pseudomonas aeruginosa", "Escherichia coli", "Clostridium difficile")[] 

Overfull \hbox (5.04878pt too wide) in paragraph at lines 3169--3170
[]\T1/ptm/m/n/10 A []\T1/zi4/m/n/10 phyloseq []\T1/ptm/m/n/10 or []\T1/zi4/m/n/10 TreeSummarizedExperiment []\T1/ptm/m/n/10 ob-ject con-tain-ing mi-cro-biome data. 

[59]
[60]
Overfull \hbox (9.92831pt too wide) in paragraph at lines 3236--3237
[]\T1/ptm/m/n/10 Numeric. X-axis thresh-old for quad-rant sep-a-ra-tion. De-fault is []\T1/zi4/m/n/10 median(x_metric)[]\T1/ptm/m/n/10 . 

Overfull \hbox (8.81831pt too wide) in paragraph at lines 3238--3239
[]\T1/ptm/m/n/10 Numeric. Y-axis thresh-old for quad-rant sep-a-ra-tion. De-fault is []\T1/zi4/m/n/10 median(y_metric)[]\T1/ptm/m/n/10 . 

[61]
Overfull \hbox (1.40706pt too wide) in paragraph at lines 3296--3297
[]\T1/ptm/m/n/10 A nu-meric value spec-i-fy-ing the min-i-mum li-brary size for fil-ter-ing low-abundance

[62]
Overfull \hbox (5.04878pt too wide) in paragraph at lines 3369--3370
[]\T1/ptm/m/n/10 A []\T1/zi4/m/n/10 phyloseq []\T1/ptm/m/n/10 or []\T1/zi4/m/n/10 TreeSummarizedExperiment []\T1/ptm/m/n/10 ob-ject con-tain-ing mi-cro-biome data. 

[63]
[64]
[65]
[66]
[67]
[68]
[69]
Overfull \hbox (9.50816pt too wide) in paragraph at lines 3786--3789
\T1/ptm/m/n/10 quan-tiles) for each ASV (Am-pli-con Se-quence Vari-ant) in a []\T1/zi4/m/n/10 phyloseq []\T1/ptm/m/n/10 or []\T1/zi4/m/n/10 TreeSummarizedExperiment

[70]
Overfull \hbox (0.1187pt too wide) in paragraph at lines 3799--3800
[]\T1/ptm/m/n/10 A []\T1/zi4/m/n/10 phyloseq []\T1/ptm/m/n/10 or []\T1/zi4/m/n/10 TreeSummarizedExperiment []\T1/ptm/m/n/10 ob-ject con-tain-ing ASV abun-dance

[71]
Overfull \hbox (5.04878pt too wide) in paragraph at lines 3881--3882
[]\T1/ptm/m/n/10 A []\T1/zi4/m/n/10 phyloseq []\T1/ptm/m/n/10 or []\T1/zi4/m/n/10 TreeSummarizedExperiment []\T1/ptm/m/n/10 ob-ject con-tain-ing mi-cro-biome data. 

[72]
Overfull \hbox (5.04878pt too wide) in paragraph at lines 3953--3954
[]\T1/ptm/m/n/10 A []\T1/zi4/m/n/10 phyloseq []\T1/ptm/m/n/10 or []\T1/zi4/m/n/10 TreeSummarizedExperiment []\T1/ptm/m/n/10 ob-ject con-tain-ing mi-cro-biome data. 

[73]
[74]
Overfull \hbox (35.52826pt too wide) in paragraph at lines 4043--4045
[]\T1/ptm/m/n/10 Cleans and stan-dard-izes a mi-cro-biome dataset, sup-port-ing both []\T1/zi4/m/n/10 phyloseq []\T1/ptm/m/n/10 and []\T1/zi4/m/n/10 TreeSummarizedExperiment[]\T1/ptm/m/n/10 .

Overfull \hbox (43.30028pt too wide) in paragraph at lines 4079--4080
[]\T1/ptm/m/n/10 A []\T1/zi4/m/n/10 phyloseq::phyloseq []\T1/ptm/m/n/10 or []\T1/zi4/m/n/10 TreeSummarizedExperiment::TreeSummarizedExperiment

[75]
[76]
[77]
Overfull \hbox (2.45772pt too wide) in paragraph at lines 4250--4253
[]\T1/ptm/m/n/10 Character. The \T1/ptm/b/n/10 GraphML file path\T1/ptm/m/n/10 . De-fault ([]\T1/zi4/m/n/10 NULL[]\T1/ptm/m/n/10 ) loads []\T1/zi4/m/n/10 "Complete.graphml"

Overfull \hbox (15.09894pt too wide) in paragraph at lines 4250--4253
[]\T1/ptm/m/n/10 from \T1/ptm/b/n/10 DspikeIn\T1/ptm/m/n/10 . Valid in-ter-nal op-tions: []\T1/zi4/m/n/10 "Complete.graphml"[]\T1/ptm/m/n/10 , []\T1/zi4/m/n/10 "NoHubs.graphml"[]\T1/ptm/m/n/10 ,

[78] (/private/var/folders/f1/f8pqw4_n4y90tlykbbhy3ztm0000gn/T/RtmpQ4FWNa/Rd2pdf8d8e339eb981/Rd2.ind
[79]
Overfull \hbox (3.3567pt too wide) in paragraph at lines 32--34
[]\T1/zi4/m/n/10 calculate_list_average_scaling_factors\T1/ptm/m/n/10 , 


[80]
Overfull \hbox (73.3567pt too wide) in paragraph at lines 153--155
[]\T1/zi4/m/n/10 TreeSummarizedExperiment::TreeSummarizedExperiment()\T1/ptm/m/n/10 , 


[81]) (/private/var/folders/f1/f8pqw4_n4y90tlykbbhy3ztm0000gn/T/RtmpQ4FWNa/Rd2pdf8d8e339eb981/Rd2.aux) )
(see the transcript file for additional information)
pdfTeX warning (dest): name{Rfn.ggraph} has been referenced but does not exist, replaced by a fixed one


pdfTeX warning (dest): name{Rfn.cluster.Rul.fast.Rul.greedy} has been referenced but does not exist, replaced by a fixed one


pdfTeX warning (dest): name{Rfn.TreeSummarizedExperiment::TreeSummarizedExperiment\(\)} has been referenced but does not exist, replaced by a fixed one


pdfTeX warning (dest): name{Rfn.facet.Rul.wrap} has been referenced but does not exist, replaced by a fixed one


pdfTeX warning (dest): name{Rfn.stat.Rul.cor} has been referenced but does not exist, replaced by a fixed one


pdfTeX warning (dest): name{Rfn.stat.Rul.regline.Rul.equation} has been referenced but does not exist, replaced by a fixed one


pdfTeX warning (dest): name{Rfn.prune.Rul.taxa} has been referenced but does not exist, replaced by a fixed one


pdfTeX warning (dest): name{Rfn.randomForest} has been referenced but does not exist, replaced by a fixed one

</Users/mitraghotbi/Library/TinyTeX/texmf-dist/fonts/type1/public/inconsolata/Inconsolata-zi4r.pfb></Users/mitraghotbi/Library/TinyTeX/texmf-dist/fonts/type1/public/amsfonts/cm/cmmi10.pfb></Users/mitraghotbi/Library/TinyTeX/texmf-dist/fonts/type1/public/amsfonts/cm/cmr10.pfb></Users/mitraghotbi/Library/TinyTeX/texmf-dist/fonts/type1/public/amsfonts/cm/cmsy10.pfb></Users/mitraghotbi/Library/TinyTeX/texmf-dist/fonts/type1/urw/times/utmb8a.pfb></Users/mitraghotbi/Library/TinyTeX/texmf-dist/fonts/type1/urw/times/utmr8a.pfb></Users/mitraghotbi/Library/TinyTeX/texmf-dist/fonts/type1/urw/times/utmr8a.pfb></Users/mitraghotbi/Library/TinyTeX/texmf-dist/fonts/type1/urw/times/utmri8a.pfb>
Output written on Rd2.pdf (81 pages, 255400 bytes).
Transcript written on Rd2.log.
Saving output to ‘DspikeIn-manual.pdf’ ...
Done
You may want to clean up by 'rm -Rf /var/folders/f1/f8pqw4_n4y90tlykbbhy3ztm0000gn/T//RtmpQ4FWNa/Rd2pdf8d8e339eb981'
